10.10.51.56 - - [31/Aug/2015:10:12:19 -0500] "GET /~984667/ HTTP/1.1" 200 503 "-" "Mozilla/5.0 (Windows NT 6.1; WOW64) AppleWebKit/537.36 (KHTML, like Gecko) Chrome/44.0.2403.157 Safari/537.36"
128.30.52.73 - - [31/Aug/2015:14:14:58 -0500] "GET /~984667/ HTTP/1.1" 200 504 "-" "Validator.nu/LV http://validator.w3.org/services"
128.30.52.73 - - [31/Aug/2015:14:15:00 -0500] "GET /~984667/ HTTP/1.1" 200 504 "-" "Validator.nu/LV http://validator.w3.org/services"
10.10.11.169 - - [31/Aug/2015:14:15:56 -0500] "GET /~984667/ HTTP/1.1" 200 504 "-" "Mozilla/5.0 (Windows NT 6.1; WOW64) AppleWebKit/537.36 (KHTML, like Gecko) Chrome/44.0.2403.157 Safari/537.36"
172.17.2.133 - - [31/Aug/2015:21:05:27 -0500] "GET /~984667/ HTTP/1.1" 200 593 "-" "Mozilla/5.0 (X11; Linux x86_64) AppleWebKit/537.36 (KHTML, like Gecko) Chrome/44.0.2403.157 Safari/537.36"
172.17.2.133 - - [31/Aug/2015:21:05:27 -0500] "GET /cs472/2013-09/images/w3c-html.png HTTP/1.1" 304 181 "http://mumstudents.org/~984667/" "Mozilla/5.0 (X11; Linux x86_64) AppleWebKit/537.36 (KHTML, like Gecko) Chrome/44.0.2403.157 Safari/537.36"
172.17.2.133 - - [31/Aug/2015:21:05:27 -0500] "GET /~984667/dheeraj.JPG HTTP/1.1" 200 1465453 "http://mumstudents.org/~984667/" "Mozilla/5.0 (X11; Linux x86_64) AppleWebKit/537.36 (KHTML, like Gecko) Chrome/44.0.2403.157 Safari/537.36"
128.30.52.71 - - [31/Aug/2015:21:05:42 -0500] "GET /~984667/ HTTP/1.1" 200 557 "-" "W3C_Validator/1.3 http://validator.w3.org/services"
128.30.52.96 - - [31/Aug/2015:21:05:45 -0500] "GET /~984667/ HTTP/1.1" 200 594 "-" "Validator.nu/LV http://validator.w3.org/services"
172.17.2.133 - - [31/Aug/2015:21:12:05 -0500] "GET /~984667/ HTTP/1.1" 200 603 "-" "Mozilla/5.0 (X11; Linux x86_64) AppleWebKit/537.36 (KHTML, like Gecko) Chrome/44.0.2403.157 Safari/537.36"
172.17.2.133 - - [31/Aug/2015:21:12:05 -0500] "GET /~984667/dheeraj.jpg HTTP/1.1" 200 25190 "http://mumstudents.org/~984667/" "Mozilla/5.0 (X11; Linux x86_64) AppleWebKit/537.36 (KHTML, like Gecko) Chrome/44.0.2403.157 Safari/537.36"
172.17.2.133 - - [31/Aug/2015:21:12:07 -0500] "GET /~984667/ HTTP/1.1" 200 602 "-" "Mozilla/5.0 (X11; Linux x86_64) AppleWebKit/537.36 (KHTML, like Gecko) Chrome/44.0.2403.157 Safari/537.36"
172.17.2.133 - - [31/Aug/2015:21:12:07 -0500] "GET /~984667/dheeraj.jpg HTTP/1.1" 304 180 "http://mumstudents.org/~984667/" "Mozilla/5.0 (X11; Linux x86_64) AppleWebKit/537.36 (KHTML, like Gecko) Chrome/44.0.2403.157 Safari/537.36"
128.30.52.96 - - [31/Aug/2015:21:12:11 -0500] "GET /~984667/ HTTP/1.1" 200 566 "-" "W3C_Validator/1.3 http://validator.w3.org/services"
128.30.52.71 - - [31/Aug/2015:21:12:12 -0500] "GET /~984667/ HTTP/1.1" 200 603 "-" "Validator.nu/LV http://validator.w3.org/services"
172.17.2.133 - - [31/Aug/2015:21:12:40 -0500] "GET /~984667/ HTTP/1.1" 200 603 "-" "Mozilla/5.0 (X11; Linux x86_64) AppleWebKit/537.36 (KHTML, like Gecko) Chrome/44.0.2403.157 Safari/537.36"
172.17.2.133 - - [31/Aug/2015:21:12:40 -0500] "GET /~984667/dheeraj.jpg HTTP/1.1" 304 180 "http://mumstudents.org/~984667/" "Mozilla/5.0 (X11; Linux x86_64) AppleWebKit/537.36 (KHTML, like Gecko) Chrome/44.0.2403.157 Safari/537.36"
172.17.2.133 - - [31/Aug/2015:21:13:28 -0500] "GET /~984667/ HTTP/1.1" 200 601 "-" "Mozilla/5.0 (X11; Linux x86_64) AppleWebKit/537.36 (KHTML, like Gecko) Chrome/44.0.2403.157 Safari/537.36"
172.17.2.133 - - [31/Aug/2015:21:13:28 -0500] "GET /~984667/dheeraj.jpg HTTP/1.1" 304 180 "http://mumstudents.org/~984667/" "Mozilla/5.0 (X11; Linux x86_64) AppleWebKit/537.36 (KHTML, like Gecko) Chrome/44.0.2403.157 Safari/537.36"
10.10.56.104 - - [01/Sep/2015:15:52:46 -0500] "GET /~984667/ HTTP/1.1" 200 600 "-" "Mozilla/5.0 (Windows NT 10.0; WOW64) AppleWebKit/537.36 (KHTML, like Gecko) Chrome/44.0.2403.157 Safari/537.36"
10.10.56.104 - - [01/Sep/2015:15:52:46 -0500] "GET /~984667/dheeraj.jpg HTTP/1.1" 200 25190 "http://mumstudents.org/~984667/" "Mozilla/5.0 (Windows NT 10.0; WOW64) AppleWebKit/537.36 (KHTML, like Gecko) Chrome/44.0.2403.157 Safari/537.36"
128.30.52.71 - - [01/Sep/2015:15:52:49 -0500] "GET /~984667/ HTTP/1.1" 200 564 "-" "W3C_Validator/1.3 http://validator.w3.org/services"
128.30.52.96 - - [01/Sep/2015:15:52:50 -0500] "GET /~984667/ HTTP/1.1" 200 601 "-" "Validator.nu/LV http://validator.w3.org/services"
172.17.2.133 - - [01/Sep/2015:20:04:55 -0500] "GET /~984667/ HTTP/1.1" 200 601 "-" "Mozilla/5.0 (X11; Linux x86_64) AppleWebKit/537.36 (KHTML, like Gecko) Chrome/44.0.2403.157 Safari/537.36"
172.17.2.133 - - [01/Sep/2015:20:04:55 -0500] "GET /~984667/dheeraj.jpg HTTP/1.1" 304 180 "http://mumstudents.org/~984667/" "Mozilla/5.0 (X11; Linux x86_64) AppleWebKit/537.36 (KHTML, like Gecko) Chrome/44.0.2403.157 Safari/537.36"
128.30.52.96 - - [01/Sep/2015:20:05:04 -0500] "GET /~984667/ HTTP/1.1" 200 564 "-" "W3C_Validator/1.3 http://validator.w3.org/services"
54.209.60.63 - - [01/Sep/2015:20:21:05 -0500] "GET /~984667/ HTTP/1.1" 200 564 "-" "Mozilla/5.0 (Macintosh; Intel Mac OS X 10_10_1) AppleWebKit/600.1.25 (KHTML, like Gecko) Version/8.0 Safari/600.1.25"
172.17.0.106 - - [01/Sep/2015:21:26:28 -0500] "GET /~984667/lab1/aboutme.html HTTP/1.1" 404 727 "-" "Mozilla/5.0 (Macintosh; Intel Mac OS X 10_10_5) AppleWebKit/600.8.9 (KHTML, like Gecko) Version/8.0.8 Safari/600.8.9"
172.17.0.106 - - [01/Sep/2015:21:26:34 -0500] "GET /~984667/ HTTP/1.1" 200 601 "-" "Mozilla/5.0 (Macintosh; Intel Mac OS X 10_10_5) AppleWebKit/600.8.9 (KHTML, like Gecko) Version/8.0.8 Safari/600.8.9"
172.17.0.106 - - [01/Sep/2015:21:26:34 -0500] "GET /~984667/dheeraj.jpg HTTP/1.1" 200 25190 "http://mumstudents.org/~984667/" "Mozilla/5.0 (Macintosh; Intel Mac OS X 10_10_5) AppleWebKit/600.8.9 (KHTML, like Gecko) Version/8.0.8 Safari/600.8.9"
172.17.0.106 - - [01/Sep/2015:21:26:34 -0500] "GET /cs472/2013-09/images/w3c-html.png HTTP/1.1" 200 6324 "http://mumstudents.org/~984667/" "Mozilla/5.0 (Macintosh; Intel Mac OS X 10_10_5) AppleWebKit/600.8.9 (KHTML, like Gecko) Version/8.0.8 Safari/600.8.9"
172.17.2.133 - - [01/Sep/2015:22:00:54 -0500] "GET /~984667/lab1/index HTTP/1.1" 200 1144 "-" "Mozilla/5.0 (X11; Linux x86_64) AppleWebKit/537.36 (KHTML, like Gecko) Chrome/44.0.2403.157 Safari/537.36"
172.17.2.133 - - [01/Sep/2015:22:00:54 -0500] "GET /~984667/lab1/styleme.css HTTP/1.1" 200 492 "http://mumstudents.org/~984667/lab1/index" "Mozilla/5.0 (X11; Linux x86_64) AppleWebKit/537.36 (KHTML, like Gecko) Chrome/44.0.2403.157 Safari/537.36"
172.17.2.133 - - [01/Sep/2015:22:00:54 -0500] "GET /~984667/lab1/happy.jpg HTTP/1.1" 200 21465 "http://mumstudents.org/~984667/lab1/index" "Mozilla/5.0 (X11; Linux x86_64) AppleWebKit/537.36 (KHTML, like Gecko) Chrome/44.0.2403.157 Safari/537.36"
172.17.2.133 - - [01/Sep/2015:22:00:54 -0500] "GET /~984667/lab1/Angry.jpg HTTP/1.1" 200 5230 "http://mumstudents.org/~984667/lab1/index" "Mozilla/5.0 (X11; Linux x86_64) AppleWebKit/537.36 (KHTML, like Gecko) Chrome/44.0.2403.157 Safari/537.36"
128.30.52.73 - - [01/Sep/2015:22:01:01 -0500] "GET /~984667/lab1/index HTTP/1.1" 200 1107 "-" "W3C_Validator/1.3 http://validator.w3.org/services"
172.17.2.133 - - [01/Sep/2015:22:03:07 -0500] "GET /~984667/lab1/index HTTP/1.1" 200 1144 "-" "Mozilla/5.0 (X11; Linux x86_64) AppleWebKit/537.36 (KHTML, like Gecko) Chrome/44.0.2403.157 Safari/537.36"
172.17.2.133 - - [01/Sep/2015:22:03:07 -0500] "GET /~984667/lab1/styleme.css HTTP/1.1" 200 492 "http://mumstudents.org/~984667/lab1/index" "Mozilla/5.0 (X11; Linux x86_64) AppleWebKit/537.36 (KHTML, like Gecko) Chrome/44.0.2403.157 Safari/537.36"
172.17.2.133 - - [01/Sep/2015:22:03:07 -0500] "GET /~984667/lab1/happy.jpg HTTP/1.1" 304 181 "http://mumstudents.org/~984667/lab1/index" "Mozilla/5.0 (X11; Linux x86_64) AppleWebKit/537.36 (KHTML, like Gecko) Chrome/44.0.2403.157 Safari/537.36"
172.17.2.133 - - [01/Sep/2015:22:03:07 -0500] "GET /~984667/lab1/Angry.jpg HTTP/1.1" 304 180 "http://mumstudents.org/~984667/lab1/index" "Mozilla/5.0 (X11; Linux x86_64) AppleWebKit/537.36 (KHTML, like Gecko) Chrome/44.0.2403.157 Safari/537.36"
172.17.2.133 - - [01/Sep/2015:22:03:07 -0500] "GET /cs472/2013-09/images/w3c-html.png HTTP/1.1" 304 180 "http://mumstudents.org/~984667/lab1/index" "Mozilla/5.0 (X11; Linux x86_64) AppleWebKit/537.36 (KHTML, like Gecko) Chrome/44.0.2403.157 Safari/537.36"
172.17.2.133 - - [01/Sep/2015:22:03:07 -0500] "GET /favicon.ico HTTP/1.1" 200 2537 "http://mumstudents.org/~984667/lab1/index" "Mozilla/5.0 (X11; Linux x86_64) AppleWebKit/537.36 (KHTML, like Gecko) Chrome/44.0.2403.157 Safari/537.36"
128.30.52.73 - - [01/Sep/2015:22:03:11 -0500] "GET /~984667/lab1/index HTTP/1.1" 200 1107 "-" "W3C_Validator/1.3 http://validator.w3.org/services"
172.17.2.133 - - [01/Sep/2015:22:04:25 -0500] "GET /~984667/lab1/index HTTP/1.1" 200 1142 "-" "Mozilla/5.0 (X11; Linux x86_64) AppleWebKit/537.36 (KHTML, like Gecko) Chrome/44.0.2403.157 Safari/537.36"
172.17.2.133 - - [01/Sep/2015:22:04:25 -0500] "GET /~984667/lab1/styleme.css HTTP/1.1" 200 492 "http://mumstudents.org/~984667/lab1/index" "Mozilla/5.0 (X11; Linux x86_64) AppleWebKit/537.36 (KHTML, like Gecko) Chrome/44.0.2403.157 Safari/537.36"
172.17.2.133 - - [01/Sep/2015:22:04:25 -0500] "GET /~984667/lab1/happy.jpg HTTP/1.1" 200 21465 "http://mumstudents.org/~984667/lab1/index" "Mozilla/5.0 (X11; Linux x86_64) AppleWebKit/537.36 (KHTML, like Gecko) Chrome/44.0.2403.157 Safari/537.36"
172.17.2.133 - - [01/Sep/2015:22:04:25 -0500] "GET /~984667/lab1/Angry.jpg HTTP/1.1" 200 5230 "http://mumstudents.org/~984667/lab1/index" "Mozilla/5.0 (X11; Linux x86_64) AppleWebKit/537.36 (KHTML, like Gecko) Chrome/44.0.2403.157 Safari/537.36"
172.17.2.133 - - [01/Sep/2015:22:04:25 -0500] "GET /cs472/2013-09/images/w3c-html.png HTTP/1.1" 304 181 "http://mumstudents.org/~984667/lab1/index" "Mozilla/5.0 (X11; Linux x86_64) AppleWebKit/537.36 (KHTML, like Gecko) Chrome/44.0.2403.157 Safari/537.36"
172.17.2.133 - - [01/Sep/2015:22:04:25 -0500] "GET /favicon.ico HTTP/1.1" 200 2537 "http://mumstudents.org/~984667/lab1/index" "Mozilla/5.0 (X11; Linux x86_64) AppleWebKit/537.36 (KHTML, like Gecko) Chrome/44.0.2403.157 Safari/537.36"
172.17.2.133 - - [01/Sep/2015:22:04:27 -0500] "GET /~984667/lab1/index HTTP/1.1" 200 1141 "-" "Mozilla/5.0 (X11; Linux x86_64) AppleWebKit/537.36 (KHTML, like Gecko) Chrome/44.0.2403.157 Safari/537.36"
172.17.2.133 - - [01/Sep/2015:22:04:27 -0500] "GET /~984667/lab1/happy.jpg HTTP/1.1" 304 180 "http://mumstudents.org/~984667/lab1/index" "Mozilla/5.0 (X11; Linux x86_64) AppleWebKit/537.36 (KHTML, like Gecko) Chrome/44.0.2403.157 Safari/537.36"
172.17.2.133 - - [01/Sep/2015:22:04:27 -0500] "GET /~984667/lab1/styleme.css HTTP/1.1" 200 492 "http://mumstudents.org/~984667/lab1/index" "Mozilla/5.0 (X11; Linux x86_64) AppleWebKit/537.36 (KHTML, like Gecko) Chrome/44.0.2403.157 Safari/537.36"
172.17.2.133 - - [01/Sep/2015:22:04:27 -0500] "GET /~984667/lab1/Angry.jpg HTTP/1.1" 304 180 "http://mumstudents.org/~984667/lab1/index" "Mozilla/5.0 (X11; Linux x86_64) AppleWebKit/537.36 (KHTML, like Gecko) Chrome/44.0.2403.157 Safari/537.36"
128.30.52.73 - - [01/Sep/2015:22:04:36 -0500] "GET /~984667/lab1/index HTTP/1.1" 200 1105 "-" "W3C_Validator/1.3 http://validator.w3.org/services"
128.30.52.71 - - [01/Sep/2015:22:04:37 -0500] "GET /~984667/lab1/index HTTP/1.1" 200 1142 "-" "Validator.nu/LV http://validator.w3.org/services"
172.17.2.133 - - [01/Sep/2015:22:05:47 -0500] "GET /~984667/lab1/index HTTP/1.1" 200 1142 "-" "Mozilla/5.0 (X11; Linux x86_64) AppleWebKit/537.36 (KHTML, like Gecko) Chrome/44.0.2403.157 Safari/537.36"
172.17.2.133 - - [01/Sep/2015:22:05:47 -0500] "GET /~984667/lab1/styleme.css HTTP/1.1" 200 492 "http://mumstudents.org/~984667/lab1/index" "Mozilla/5.0 (X11; Linux x86_64) AppleWebKit/537.36 (KHTML, like Gecko) Chrome/44.0.2403.157 Safari/537.36"
172.17.2.133 - - [01/Sep/2015:22:05:47 -0500] "GET /~984667/lab1/happy.jpg HTTP/1.1" 304 181 "http://mumstudents.org/~984667/lab1/index" "Mozilla/5.0 (X11; Linux x86_64) AppleWebKit/537.36 (KHTML, like Gecko) Chrome/44.0.2403.157 Safari/537.36"
172.17.2.133 - - [01/Sep/2015:22:05:47 -0500] "GET /cs472/2013-09/images/w3c-html.png HTTP/1.1" 304 180 "http://mumstudents.org/~984667/lab1/index" "Mozilla/5.0 (X11; Linux x86_64) AppleWebKit/537.36 (KHTML, like Gecko) Chrome/44.0.2403.157 Safari/537.36"
172.17.2.133 - - [01/Sep/2015:22:05:47 -0500] "GET /~984667/lab1/Angry.jpg HTTP/1.1" 304 180 "http://mumstudents.org/~984667/lab1/index" "Mozilla/5.0 (X11; Linux x86_64) AppleWebKit/537.36 (KHTML, like Gecko) Chrome/44.0.2403.157 Safari/537.36"
172.17.2.133 - - [01/Sep/2015:22:05:48 -0500] "GET /favicon.ico HTTP/1.1" 200 2537 "http://mumstudents.org/~984667/lab1/index" "Mozilla/5.0 (X11; Linux x86_64) AppleWebKit/537.36 (KHTML, like Gecko) Chrome/44.0.2403.157 Safari/537.36"
128.30.52.96 - - [01/Sep/2015:22:05:52 -0500] "GET /~984667/lab1/index HTTP/1.1" 200 1105 "-" "W3C_Validator/1.3 http://validator.w3.org/services"
128.30.52.71 - - [01/Sep/2015:22:05:53 -0500] "GET /~984667/lab1/index HTTP/1.1" 200 1142 "-" "Validator.nu/LV http://validator.w3.org/services"
172.17.2.133 - - [01/Sep/2015:22:06:59 -0500] "GET /~984667/lab1/index HTTP/1.1" 200 1141 "-" "Mozilla/5.0 (X11; Linux x86_64) AppleWebKit/537.36 (KHTML, like Gecko) Chrome/44.0.2403.157 Safari/537.36"
172.17.2.133 - - [01/Sep/2015:22:06:59 -0500] "GET /~984667/lab1/styleme.css HTTP/1.1" 200 492 "http://mumstudents.org/~984667/lab1/index" "Mozilla/5.0 (X11; Linux x86_64) AppleWebKit/537.36 (KHTML, like Gecko) Chrome/44.0.2403.157 Safari/537.36"
172.17.2.133 - - [01/Sep/2015:22:06:59 -0500] "GET /~984667/lab1/happy.jpg HTTP/1.1" 200 21465 "http://mumstudents.org/~984667/lab1/index" "Mozilla/5.0 (X11; Linux x86_64) AppleWebKit/537.36 (KHTML, like Gecko) Chrome/44.0.2403.157 Safari/537.36"
172.17.2.133 - - [01/Sep/2015:22:06:59 -0500] "GET /~984667/lab1/Angry.jpg HTTP/1.1" 200 5230 "http://mumstudents.org/~984667/lab1/index" "Mozilla/5.0 (X11; Linux x86_64) AppleWebKit/537.36 (KHTML, like Gecko) Chrome/44.0.2403.157 Safari/537.36"
172.17.2.133 - - [01/Sep/2015:22:06:59 -0500] "GET /cs472/2013-09/images/w3c-html.png HTTP/1.1" 304 181 "http://mumstudents.org/~984667/lab1/index" "Mozilla/5.0 (X11; Linux x86_64) AppleWebKit/537.36 (KHTML, like Gecko) Chrome/44.0.2403.157 Safari/537.36"
172.17.2.133 - - [01/Sep/2015:22:07:00 -0500] "GET /favicon.ico HTTP/1.1" 200 2537 "http://mumstudents.org/~984667/lab1/index" "Mozilla/5.0 (X11; Linux x86_64) AppleWebKit/537.36 (KHTML, like Gecko) Chrome/44.0.2403.157 Safari/537.36"
172.17.2.133 - - [01/Sep/2015:22:07:02 -0500] "GET /~984667/lab1/index HTTP/1.1" 200 1140 "-" "Mozilla/5.0 (X11; Linux x86_64) AppleWebKit/537.36 (KHTML, like Gecko) Chrome/44.0.2403.157 Safari/537.36"
172.17.2.133 - - [01/Sep/2015:22:07:02 -0500] "GET /~984667/lab1/happy.jpg HTTP/1.1" 304 180 "http://mumstudents.org/~984667/lab1/index" "Mozilla/5.0 (X11; Linux x86_64) AppleWebKit/537.36 (KHTML, like Gecko) Chrome/44.0.2403.157 Safari/537.36"
172.17.2.133 - - [01/Sep/2015:22:07:02 -0500] "GET /~984667/lab1/styleme.css HTTP/1.1" 200 492 "http://mumstudents.org/~984667/lab1/index" "Mozilla/5.0 (X11; Linux x86_64) AppleWebKit/537.36 (KHTML, like Gecko) Chrome/44.0.2403.157 Safari/537.36"
172.17.2.133 - - [01/Sep/2015:22:07:02 -0500] "GET /~984667/lab1/Angry.jpg HTTP/1.1" 304 180 "http://mumstudents.org/~984667/lab1/index" "Mozilla/5.0 (X11; Linux x86_64) AppleWebKit/537.36 (KHTML, like Gecko) Chrome/44.0.2403.157 Safari/537.36"
128.30.52.71 - - [01/Sep/2015:22:07:06 -0500] "GET /~984667/lab1/index HTTP/1.1" 200 1104 "-" "W3C_Validator/1.3 http://validator.w3.org/services"
128.30.52.71 - - [01/Sep/2015:22:07:08 -0500] "GET /~984667/lab1/index HTTP/1.1" 200 1141 "-" "Validator.nu/LV http://validator.w3.org/services"
172.17.2.133 - - [01/Sep/2015:22:08:17 -0500] "GET /~984667/lab1/index HTTP/1.1" 200 1141 "-" "Mozilla/5.0 (X11; Linux x86_64) AppleWebKit/537.36 (KHTML, like Gecko) Chrome/44.0.2403.157 Safari/537.36"
172.17.2.133 - - [01/Sep/2015:22:08:17 -0500] "GET /~984667/lab1/styleme.css HTTP/1.1" 200 492 "http://mumstudents.org/~984667/lab1/index" "Mozilla/5.0 (X11; Linux x86_64) AppleWebKit/537.36 (KHTML, like Gecko) Chrome/44.0.2403.157 Safari/537.36"
172.17.2.133 - - [01/Sep/2015:22:08:17 -0500] "GET /~984667/lab1/happy.jpg HTTP/1.1" 304 181 "http://mumstudents.org/~984667/lab1/index" "Mozilla/5.0 (X11; Linux x86_64) AppleWebKit/537.36 (KHTML, like Gecko) Chrome/44.0.2403.157 Safari/537.36"
172.17.2.133 - - [01/Sep/2015:22:08:17 -0500] "GET /~984667/lab1/Angry.jpg HTTP/1.1" 304 180 "http://mumstudents.org/~984667/lab1/index" "Mozilla/5.0 (X11; Linux x86_64) AppleWebKit/537.36 (KHTML, like Gecko) Chrome/44.0.2403.157 Safari/537.36"
172.17.2.133 - - [01/Sep/2015:22:08:17 -0500] "GET /cs472/2013-09/images/w3c-html.png HTTP/1.1" 304 180 "http://mumstudents.org/~984667/lab1/index" "Mozilla/5.0 (X11; Linux x86_64) AppleWebKit/537.36 (KHTML, like Gecko) Chrome/44.0.2403.157 Safari/537.36"
172.17.2.133 - - [01/Sep/2015:22:08:18 -0500] "GET /favicon.ico HTTP/1.1" 200 2537 "http://mumstudents.org/~984667/lab1/index" "Mozilla/5.0 (X11; Linux x86_64) AppleWebKit/537.36 (KHTML, like Gecko) Chrome/44.0.2403.157 Safari/537.36"
172.17.2.133 - - [01/Sep/2015:22:08:20 -0500] "GET /~984667/lab1/index HTTP/1.1" 200 1140 "-" "Mozilla/5.0 (X11; Linux x86_64) AppleWebKit/537.36 (KHTML, like Gecko) Chrome/44.0.2403.157 Safari/537.36"
172.17.2.133 - - [01/Sep/2015:22:08:20 -0500] "GET /~984667/lab1/happy.jpg HTTP/1.1" 304 180 "http://mumstudents.org/~984667/lab1/index" "Mozilla/5.0 (X11; Linux x86_64) AppleWebKit/537.36 (KHTML, like Gecko) Chrome/44.0.2403.157 Safari/537.36"
172.17.2.133 - - [01/Sep/2015:22:08:20 -0500] "GET /~984667/lab1/styleme.css HTTP/1.1" 200 492 "http://mumstudents.org/~984667/lab1/index" "Mozilla/5.0 (X11; Linux x86_64) AppleWebKit/537.36 (KHTML, like Gecko) Chrome/44.0.2403.157 Safari/537.36"
172.17.2.133 - - [01/Sep/2015:22:08:20 -0500] "GET /~984667/lab1/Angry.jpg HTTP/1.1" 304 180 "http://mumstudents.org/~984667/lab1/index" "Mozilla/5.0 (X11; Linux x86_64) AppleWebKit/537.36 (KHTML, like Gecko) Chrome/44.0.2403.157 Safari/537.36"
172.17.2.133 - - [01/Sep/2015:22:08:20 -0500] "GET /cs472/2013-09/images/w3c-html.png HTTP/1.1" 304 180 "http://mumstudents.org/~984667/lab1/index" "Mozilla/5.0 (X11; Linux x86_64) AppleWebKit/537.36 (KHTML, like Gecko) Chrome/44.0.2403.157 Safari/537.36"
172.17.2.133 - - [01/Sep/2015:22:08:20 -0500] "GET /~984667/lab1/index HTTP/1.1" 200 1140 "-" "Mozilla/5.0 (X11; Linux x86_64) AppleWebKit/537.36 (KHTML, like Gecko) Chrome/44.0.2403.157 Safari/537.36"
172.17.2.133 - - [01/Sep/2015:22:08:20 -0500] "GET /~984667/lab1/happy.jpg HTTP/1.1" 304 180 "http://mumstudents.org/~984667/lab1/index" "Mozilla/5.0 (X11; Linux x86_64) AppleWebKit/537.36 (KHTML, like Gecko) Chrome/44.0.2403.157 Safari/537.36"
172.17.2.133 - - [01/Sep/2015:22:08:20 -0500] "GET /~984667/lab1/styleme.css HTTP/1.1" 200 492 "http://mumstudents.org/~984667/lab1/index" "Mozilla/5.0 (X11; Linux x86_64) AppleWebKit/537.36 (KHTML, like Gecko) Chrome/44.0.2403.157 Safari/537.36"
172.17.2.133 - - [01/Sep/2015:22:08:20 -0500] "GET /~984667/lab1/Angry.jpg HTTP/1.1" 304 180 "http://mumstudents.org/~984667/lab1/index" "Mozilla/5.0 (X11; Linux x86_64) AppleWebKit/537.36 (KHTML, like Gecko) Chrome/44.0.2403.157 Safari/537.36"
172.17.2.133 - - [01/Sep/2015:22:08:20 -0500] "GET /cs472/2013-09/images/w3c-html.png HTTP/1.1" 304 180 "http://mumstudents.org/~984667/lab1/index" "Mozilla/5.0 (X11; Linux x86_64) AppleWebKit/537.36 (KHTML, like Gecko) Chrome/44.0.2403.157 Safari/537.36"
172.17.2.133 - - [01/Sep/2015:22:08:20 -0500] "GET /~984667/lab1/index HTTP/1.1" 200 1140 "-" "Mozilla/5.0 (X11; Linux x86_64) AppleWebKit/537.36 (KHTML, like Gecko) Chrome/44.0.2403.157 Safari/537.36"
172.17.2.133 - - [01/Sep/2015:22:08:20 -0500] "GET /~984667/lab1/styleme.css HTTP/1.1" 200 492 "http://mumstudents.org/~984667/lab1/index" "Mozilla/5.0 (X11; Linux x86_64) AppleWebKit/537.36 (KHTML, like Gecko) Chrome/44.0.2403.157 Safari/537.36"
172.17.2.133 - - [01/Sep/2015:22:08:20 -0500] "GET /~984667/lab1/happy.jpg HTTP/1.1" 304 180 "http://mumstudents.org/~984667/lab1/index" "Mozilla/5.0 (X11; Linux x86_64) AppleWebKit/537.36 (KHTML, like Gecko) Chrome/44.0.2403.157 Safari/537.36"
172.17.2.133 - - [01/Sep/2015:22:08:20 -0500] "GET /~984667/lab1/Angry.jpg HTTP/1.1" 304 180 "http://mumstudents.org/~984667/lab1/index" "Mozilla/5.0 (X11; Linux x86_64) AppleWebKit/537.36 (KHTML, like Gecko) Chrome/44.0.2403.157 Safari/537.36"
172.17.2.133 - - [01/Sep/2015:22:08:20 -0500] "GET /cs472/2013-09/images/w3c-html.png HTTP/1.1" 304 180 "http://mumstudents.org/~984667/lab1/index" "Mozilla/5.0 (X11; Linux x86_64) AppleWebKit/537.36 (KHTML, like Gecko) Chrome/44.0.2403.157 Safari/537.36"
172.17.2.133 - - [01/Sep/2015:22:08:21 -0500] "GET /~984667/lab1/index HTTP/1.1" 200 1140 "-" "Mozilla/5.0 (X11; Linux x86_64) AppleWebKit/537.36 (KHTML, like Gecko) Chrome/44.0.2403.157 Safari/537.36"
172.17.2.133 - - [01/Sep/2015:22:08:21 -0500] "GET /~984667/lab1/styleme.css HTTP/1.1" 200 492 "http://mumstudents.org/~984667/lab1/index" "Mozilla/5.0 (X11; Linux x86_64) AppleWebKit/537.36 (KHTML, like Gecko) Chrome/44.0.2403.157 Safari/537.36"
172.17.2.133 - - [01/Sep/2015:22:08:21 -0500] "GET /~984667/lab1/happy.jpg HTTP/1.1" 304 180 "http://mumstudents.org/~984667/lab1/index" "Mozilla/5.0 (X11; Linux x86_64) AppleWebKit/537.36 (KHTML, like Gecko) Chrome/44.0.2403.157 Safari/537.36"
172.17.2.133 - - [01/Sep/2015:22:08:21 -0500] "GET /~984667/lab1/Angry.jpg HTTP/1.1" 304 180 "http://mumstudents.org/~984667/lab1/index" "Mozilla/5.0 (X11; Linux x86_64) AppleWebKit/537.36 (KHTML, like Gecko) Chrome/44.0.2403.157 Safari/537.36"
172.17.2.133 - - [01/Sep/2015:22:08:21 -0500] "GET /cs472/2013-09/images/w3c-html.png HTTP/1.1" 304 180 "http://mumstudents.org/~984667/lab1/index" "Mozilla/5.0 (X11; Linux x86_64) AppleWebKit/537.36 (KHTML, like Gecko) Chrome/44.0.2403.157 Safari/537.36"
172.17.2.133 - - [01/Sep/2015:22:08:21 -0500] "GET /~984667/lab1/index HTTP/1.1" 200 1140 "-" "Mozilla/5.0 (X11; Linux x86_64) AppleWebKit/537.36 (KHTML, like Gecko) Chrome/44.0.2403.157 Safari/537.36"
172.17.2.133 - - [01/Sep/2015:22:08:21 -0500] "GET /~984667/lab1/happy.jpg HTTP/1.1" 304 180 "http://mumstudents.org/~984667/lab1/index" "Mozilla/5.0 (X11; Linux x86_64) AppleWebKit/537.36 (KHTML, like Gecko) Chrome/44.0.2403.157 Safari/537.36"
172.17.2.133 - - [01/Sep/2015:22:08:21 -0500] "GET /~984667/lab1/styleme.css HTTP/1.1" 200 492 "http://mumstudents.org/~984667/lab1/index" "Mozilla/5.0 (X11; Linux x86_64) AppleWebKit/537.36 (KHTML, like Gecko) Chrome/44.0.2403.157 Safari/537.36"
172.17.2.133 - - [01/Sep/2015:22:08:21 -0500] "GET /~984667/lab1/Angry.jpg HTTP/1.1" 304 180 "http://mumstudents.org/~984667/lab1/index" "Mozilla/5.0 (X11; Linux x86_64) AppleWebKit/537.36 (KHTML, like Gecko) Chrome/44.0.2403.157 Safari/537.36"
172.17.2.133 - - [01/Sep/2015:22:08:21 -0500] "GET /cs472/2013-09/images/w3c-html.png HTTP/1.1" 304 180 "http://mumstudents.org/~984667/lab1/index" "Mozilla/5.0 (X11; Linux x86_64) AppleWebKit/537.36 (KHTML, like Gecko) Chrome/44.0.2403.157 Safari/537.36"
172.17.2.133 - - [01/Sep/2015:22:08:21 -0500] "GET /~984667/lab1/index HTTP/1.1" 200 1140 "-" "Mozilla/5.0 (X11; Linux x86_64) AppleWebKit/537.36 (KHTML, like Gecko) Chrome/44.0.2403.157 Safari/537.36"
172.17.2.133 - - [01/Sep/2015:22:08:21 -0500] "GET /~984667/lab1/happy.jpg HTTP/1.1" 304 180 "http://mumstudents.org/~984667/lab1/index" "Mozilla/5.0 (X11; Linux x86_64) AppleWebKit/537.36 (KHTML, like Gecko) Chrome/44.0.2403.157 Safari/537.36"
172.17.2.133 - - [01/Sep/2015:22:08:21 -0500] "GET /~984667/lab1/styleme.css HTTP/1.1" 200 492 "http://mumstudents.org/~984667/lab1/index" "Mozilla/5.0 (X11; Linux x86_64) AppleWebKit/537.36 (KHTML, like Gecko) Chrome/44.0.2403.157 Safari/537.36"
172.17.2.133 - - [01/Sep/2015:22:08:21 -0500] "GET /~984667/lab1/Angry.jpg HTTP/1.1" 304 180 "http://mumstudents.org/~984667/lab1/index" "Mozilla/5.0 (X11; Linux x86_64) AppleWebKit/537.36 (KHTML, like Gecko) Chrome/44.0.2403.157 Safari/537.36"
172.17.2.133 - - [01/Sep/2015:22:08:21 -0500] "GET /cs472/2013-09/images/w3c-html.png HTTP/1.1" 304 180 "http://mumstudents.org/~984667/lab1/index" "Mozilla/5.0 (X11; Linux x86_64) AppleWebKit/537.36 (KHTML, like Gecko) Chrome/44.0.2403.157 Safari/537.36"
172.17.2.133 - - [01/Sep/2015:22:08:21 -0500] "GET /~984667/lab1/index HTTP/1.1" 200 1140 "-" "Mozilla/5.0 (X11; Linux x86_64) AppleWebKit/537.36 (KHTML, like Gecko) Chrome/44.0.2403.157 Safari/537.36"
172.17.2.133 - - [01/Sep/2015:22:08:21 -0500] "GET /~984667/lab1/happy.jpg HTTP/1.1" 304 180 "http://mumstudents.org/~984667/lab1/index" "Mozilla/5.0 (X11; Linux x86_64) AppleWebKit/537.36 (KHTML, like Gecko) Chrome/44.0.2403.157 Safari/537.36"
172.17.2.133 - - [01/Sep/2015:22:08:21 -0500] "GET /~984667/lab1/styleme.css HTTP/1.1" 200 492 "http://mumstudents.org/~984667/lab1/index" "Mozilla/5.0 (X11; Linux x86_64) AppleWebKit/537.36 (KHTML, like Gecko) Chrome/44.0.2403.157 Safari/537.36"
172.17.2.133 - - [01/Sep/2015:22:08:21 -0500] "GET /~984667/lab1/Angry.jpg HTTP/1.1" 304 180 "http://mumstudents.org/~984667/lab1/index" "Mozilla/5.0 (X11; Linux x86_64) AppleWebKit/537.36 (KHTML, like Gecko) Chrome/44.0.2403.157 Safari/537.36"
172.17.2.133 - - [01/Sep/2015:22:08:21 -0500] "GET /cs472/2013-09/images/w3c-html.png HTTP/1.1" 304 180 "http://mumstudents.org/~984667/lab1/index" "Mozilla/5.0 (X11; Linux x86_64) AppleWebKit/537.36 (KHTML, like Gecko) Chrome/44.0.2403.157 Safari/537.36"
172.17.2.133 - - [01/Sep/2015:22:08:21 -0500] "GET /favicon.ico HTTP/1.1" 200 2537 "http://mumstudents.org/~984667/lab1/index" "Mozilla/5.0 (X11; Linux x86_64) AppleWebKit/537.36 (KHTML, like Gecko) Chrome/44.0.2403.157 Safari/537.36"
172.17.2.133 - - [01/Sep/2015:22:08:34 -0500] "GET /~984667/lab1/index HTTP/1.1" 200 1141 "-" "Mozilla/5.0 (X11; Linux x86_64) AppleWebKit/537.36 (KHTML, like Gecko) Chrome/44.0.2403.157 Safari/537.36"
172.17.2.133 - - [01/Sep/2015:22:08:35 -0500] "GET /~984667/lab1/styleme.css HTTP/1.1" 200 492 "http://mumstudents.org/~984667/lab1/index" "Mozilla/5.0 (X11; Linux x86_64) AppleWebKit/537.36 (KHTML, like Gecko) Chrome/44.0.2403.157 Safari/537.36"
172.17.2.133 - - [01/Sep/2015:22:08:35 -0500] "GET /~984667/lab1/happy.jpg HTTP/1.1" 304 181 "http://mumstudents.org/~984667/lab1/index" "Mozilla/5.0 (X11; Linux x86_64) AppleWebKit/537.36 (KHTML, like Gecko) Chrome/44.0.2403.157 Safari/537.36"
172.17.2.133 - - [01/Sep/2015:22:08:35 -0500] "GET /~984667/lab1/Angry.jpg HTTP/1.1" 304 180 "http://mumstudents.org/~984667/lab1/index" "Mozilla/5.0 (X11; Linux x86_64) AppleWebKit/537.36 (KHTML, like Gecko) Chrome/44.0.2403.157 Safari/537.36"
172.17.2.133 - - [01/Sep/2015:22:08:35 -0500] "GET /cs472/2013-09/images/w3c-html.png HTTP/1.1" 304 180 "http://mumstudents.org/~984667/lab1/index" "Mozilla/5.0 (X11; Linux x86_64) AppleWebKit/537.36 (KHTML, like Gecko) Chrome/44.0.2403.157 Safari/537.36"
172.17.2.133 - - [01/Sep/2015:22:08:35 -0500] "GET /favicon.ico HTTP/1.1" 200 2537 "http://mumstudents.org/~984667/lab1/index" "Mozilla/5.0 (X11; Linux x86_64) AppleWebKit/537.36 (KHTML, like Gecko) Chrome/44.0.2403.157 Safari/537.36"
128.30.52.73 - - [01/Sep/2015:22:08:40 -0500] "GET /~984667/lab1/index HTTP/1.1" 200 1104 "-" "W3C_Validator/1.3 http://validator.w3.org/services"
128.30.52.70 - - [01/Sep/2015:22:08:41 -0500] "GET /~984667/lab1/index HTTP/1.1" 200 1141 "-" "Validator.nu/LV http://validator.w3.org/services"
172.17.2.133 - - [01/Sep/2015:22:09:53 -0500] "GET /~984667/lab1/index HTTP/1.1" 200 1141 "-" "Mozilla/5.0 (X11; Linux x86_64) AppleWebKit/537.36 (KHTML, like Gecko) Chrome/44.0.2403.157 Safari/537.36"
172.17.2.133 - - [01/Sep/2015:22:09:53 -0500] "GET /~984667/lab1/styleme.css HTTP/1.1" 200 492 "http://mumstudents.org/~984667/lab1/index" "Mozilla/5.0 (X11; Linux x86_64) AppleWebKit/537.36 (KHTML, like Gecko) Chrome/44.0.2403.157 Safari/537.36"
172.17.2.133 - - [01/Sep/2015:22:09:53 -0500] "GET /~984667/lab1/happy.jpg HTTP/1.1" 304 181 "http://mumstudents.org/~984667/lab1/index" "Mozilla/5.0 (X11; Linux x86_64) AppleWebKit/537.36 (KHTML, like Gecko) Chrome/44.0.2403.157 Safari/537.36"
172.17.2.133 - - [01/Sep/2015:22:09:53 -0500] "GET /~984667/lab1/Angry.jpg HTTP/1.1" 304 180 "http://mumstudents.org/~984667/lab1/index" "Mozilla/5.0 (X11; Linux x86_64) AppleWebKit/537.36 (KHTML, like Gecko) Chrome/44.0.2403.157 Safari/537.36"
172.17.2.133 - - [01/Sep/2015:22:09:53 -0500] "GET /cs472/2013-09/images/w3c-html.png HTTP/1.1" 304 180 "http://mumstudents.org/~984667/lab1/index" "Mozilla/5.0 (X11; Linux x86_64) AppleWebKit/537.36 (KHTML, like Gecko) Chrome/44.0.2403.157 Safari/537.36"
172.17.2.133 - - [01/Sep/2015:22:09:54 -0500] "GET /favicon.ico HTTP/1.1" 200 2537 "http://mumstudents.org/~984667/lab1/index" "Mozilla/5.0 (X11; Linux x86_64) AppleWebKit/537.36 (KHTML, like Gecko) Chrome/44.0.2403.157 Safari/537.36"
172.17.2.133 - - [01/Sep/2015:22:09:57 -0500] "GET /~984667/lab1/index HTTP/1.1" 200 1140 "-" "Mozilla/5.0 (X11; Linux x86_64) AppleWebKit/537.36 (KHTML, like Gecko) Chrome/44.0.2403.157 Safari/537.36"
172.17.2.133 - - [01/Sep/2015:22:09:57 -0500] "GET /~984667/lab1/happy.jpg HTTP/1.1" 304 180 "http://mumstudents.org/~984667/lab1/index" "Mozilla/5.0 (X11; Linux x86_64) AppleWebKit/537.36 (KHTML, like Gecko) Chrome/44.0.2403.157 Safari/537.36"
172.17.2.133 - - [01/Sep/2015:22:09:57 -0500] "GET /~984667/lab1/styleme.css HTTP/1.1" 200 492 "http://mumstudents.org/~984667/lab1/index" "Mozilla/5.0 (X11; Linux x86_64) AppleWebKit/537.36 (KHTML, like Gecko) Chrome/44.0.2403.157 Safari/537.36"
172.17.2.133 - - [01/Sep/2015:22:09:57 -0500] "GET /~984667/lab1/Angry.jpg HTTP/1.1" 304 180 "http://mumstudents.org/~984667/lab1/index" "Mozilla/5.0 (X11; Linux x86_64) AppleWebKit/537.36 (KHTML, like Gecko) Chrome/44.0.2403.157 Safari/537.36"
172.17.2.133 - - [01/Sep/2015:22:09:57 -0500] "GET /cs472/2013-09/images/w3c-html.png HTTP/1.1" 304 180 "http://mumstudents.org/~984667/lab1/index" "Mozilla/5.0 (X11; Linux x86_64) AppleWebKit/537.36 (KHTML, like Gecko) Chrome/44.0.2403.157 Safari/537.36"
172.17.2.133 - - [01/Sep/2015:22:09:57 -0500] "GET /favicon.ico HTTP/1.1" 200 2537 "http://mumstudents.org/~984667/lab1/index" "Mozilla/5.0 (X11; Linux x86_64) AppleWebKit/537.36 (KHTML, like Gecko) Chrome/44.0.2403.157 Safari/537.36"
172.17.2.133 - - [01/Sep/2015:22:10:58 -0500] "GET /~984667/lab1/index HTTP/1.1" 200 1141 "-" "Mozilla/5.0 (X11; Linux x86_64) AppleWebKit/537.36 (KHTML, like Gecko) Chrome/44.0.2403.157 Safari/537.36"
172.17.2.133 - - [01/Sep/2015:22:10:58 -0500] "GET /~984667/lab1/styleme.css HTTP/1.1" 200 492 "http://mumstudents.org/~984667/lab1/index" "Mozilla/5.0 (X11; Linux x86_64) AppleWebKit/537.36 (KHTML, like Gecko) Chrome/44.0.2403.157 Safari/537.36"
172.17.2.133 - - [01/Sep/2015:22:10:58 -0500] "GET /~984667/lab1/happy.jpg HTTP/1.1" 304 181 "http://mumstudents.org/~984667/lab1/index" "Mozilla/5.0 (X11; Linux x86_64) AppleWebKit/537.36 (KHTML, like Gecko) Chrome/44.0.2403.157 Safari/537.36"
172.17.2.133 - - [01/Sep/2015:22:10:58 -0500] "GET /~984667/lab1/Angry.jpg HTTP/1.1" 304 180 "http://mumstudents.org/~984667/lab1/index" "Mozilla/5.0 (X11; Linux x86_64) AppleWebKit/537.36 (KHTML, like Gecko) Chrome/44.0.2403.157 Safari/537.36"
172.17.2.133 - - [01/Sep/2015:22:10:58 -0500] "GET /cs472/2013-09/images/w3c-html.png HTTP/1.1" 304 180 "http://mumstudents.org/~984667/lab1/index" "Mozilla/5.0 (X11; Linux x86_64) AppleWebKit/537.36 (KHTML, like Gecko) Chrome/44.0.2403.157 Safari/537.36"
172.17.2.133 - - [01/Sep/2015:22:10:58 -0500] "GET /favicon.ico HTTP/1.1" 200 2537 "http://mumstudents.org/~984667/lab1/index" "Mozilla/5.0 (X11; Linux x86_64) AppleWebKit/537.36 (KHTML, like Gecko) Chrome/44.0.2403.157 Safari/537.36"
172.17.2.133 - - [01/Sep/2015:22:10:59 -0500] "GET /~984667/lab1/index HTTP/1.1" 200 1140 "-" "Mozilla/5.0 (X11; Linux x86_64) AppleWebKit/537.36 (KHTML, like Gecko) Chrome/44.0.2403.157 Safari/537.36"
172.17.2.133 - - [01/Sep/2015:22:10:59 -0500] "GET /~984667/lab1/happy.jpg HTTP/1.1" 304 180 "http://mumstudents.org/~984667/lab1/index" "Mozilla/5.0 (X11; Linux x86_64) AppleWebKit/537.36 (KHTML, like Gecko) Chrome/44.0.2403.157 Safari/537.36"
172.17.2.133 - - [01/Sep/2015:22:10:59 -0500] "GET /~984667/lab1/styleme.css HTTP/1.1" 200 492 "http://mumstudents.org/~984667/lab1/index" "Mozilla/5.0 (X11; Linux x86_64) AppleWebKit/537.36 (KHTML, like Gecko) Chrome/44.0.2403.157 Safari/537.36"
172.17.2.133 - - [01/Sep/2015:22:10:59 -0500] "GET /~984667/lab1/Angry.jpg HTTP/1.1" 304 180 "http://mumstudents.org/~984667/lab1/index" "Mozilla/5.0 (X11; Linux x86_64) AppleWebKit/537.36 (KHTML, like Gecko) Chrome/44.0.2403.157 Safari/537.36"
172.17.2.133 - - [01/Sep/2015:22:10:59 -0500] "GET /cs472/2013-09/images/w3c-html.png HTTP/1.1" 304 180 "http://mumstudents.org/~984667/lab1/index" "Mozilla/5.0 (X11; Linux x86_64) AppleWebKit/537.36 (KHTML, like Gecko) Chrome/44.0.2403.157 Safari/537.36"
172.17.2.133 - - [01/Sep/2015:22:10:59 -0500] "GET /~984667/lab1/index HTTP/1.1" 200 1140 "-" "Mozilla/5.0 (X11; Linux x86_64) AppleWebKit/537.36 (KHTML, like Gecko) Chrome/44.0.2403.157 Safari/537.36"
172.17.2.133 - - [01/Sep/2015:22:10:59 -0500] "GET /~984667/lab1/happy.jpg HTTP/1.1" 304 180 "http://mumstudents.org/~984667/lab1/index" "Mozilla/5.0 (X11; Linux x86_64) AppleWebKit/537.36 (KHTML, like Gecko) Chrome/44.0.2403.157 Safari/537.36"
172.17.2.133 - - [01/Sep/2015:22:10:59 -0500] "GET /~984667/lab1/styleme.css HTTP/1.1" 200 492 "http://mumstudents.org/~984667/lab1/index" "Mozilla/5.0 (X11; Linux x86_64) AppleWebKit/537.36 (KHTML, like Gecko) Chrome/44.0.2403.157 Safari/537.36"
172.17.2.133 - - [01/Sep/2015:22:10:59 -0500] "GET /~984667/lab1/Angry.jpg HTTP/1.1" 304 180 "http://mumstudents.org/~984667/lab1/index" "Mozilla/5.0 (X11; Linux x86_64) AppleWebKit/537.36 (KHTML, like Gecko) Chrome/44.0.2403.157 Safari/537.36"
172.17.2.133 - - [01/Sep/2015:22:10:59 -0500] "GET /cs472/2013-09/images/w3c-html.png HTTP/1.1" 304 180 "http://mumstudents.org/~984667/lab1/index" "Mozilla/5.0 (X11; Linux x86_64) AppleWebKit/537.36 (KHTML, like Gecko) Chrome/44.0.2403.157 Safari/537.36"
172.17.2.133 - - [01/Sep/2015:22:10:59 -0500] "GET /favicon.ico HTTP/1.1" 200 2537 "http://mumstudents.org/~984667/lab1/index" "Mozilla/5.0 (X11; Linux x86_64) AppleWebKit/537.36 (KHTML, like Gecko) Chrome/44.0.2403.157 Safari/537.36"
128.30.52.71 - - [01/Sep/2015:22:11:04 -0500] "GET /~984667/lab1/index HTTP/1.1" 200 1104 "-" "W3C_Validator/1.3 http://validator.w3.org/services"
128.30.52.96 - - [01/Sep/2015:22:11:07 -0500] "GET /~984667/lab1/index HTTP/1.1" 200 1141 "-" "Validator.nu/LV http://validator.w3.org/services"
172.17.2.133 - - [01/Sep/2015:22:12:23 -0500] "GET /~984667/lab1/index HTTP/1.1" 200 1154 "-" "Mozilla/5.0 (X11; Linux x86_64) AppleWebKit/537.36 (KHTML, like Gecko) Chrome/44.0.2403.157 Safari/537.36"
172.17.2.133 - - [01/Sep/2015:22:12:23 -0500] "GET /~984667/lab1/styleme.css HTTP/1.1" 200 492 "http://mumstudents.org/~984667/lab1/index" "Mozilla/5.0 (X11; Linux x86_64) AppleWebKit/537.36 (KHTML, like Gecko) Chrome/44.0.2403.157 Safari/537.36"
172.17.2.133 - - [01/Sep/2015:22:12:23 -0500] "GET /~984667/lab1/happy.jpg HTTP/1.1" 200 21465 "http://mumstudents.org/~984667/lab1/index" "Mozilla/5.0 (X11; Linux x86_64) AppleWebKit/537.36 (KHTML, like Gecko) Chrome/44.0.2403.157 Safari/537.36"
172.17.2.133 - - [01/Sep/2015:22:12:23 -0500] "GET /~984667/lab1/Angry.jpg HTTP/1.1" 200 5230 "http://mumstudents.org/~984667/lab1/index" "Mozilla/5.0 (X11; Linux x86_64) AppleWebKit/537.36 (KHTML, like Gecko) Chrome/44.0.2403.157 Safari/537.36"
172.17.2.133 - - [01/Sep/2015:22:12:26 -0500] "GET /~984667/lab1/index HTTP/1.1" 200 1153 "-" "Mozilla/5.0 (X11; Linux x86_64) AppleWebKit/537.36 (KHTML, like Gecko) Chrome/44.0.2403.157 Safari/537.36"
172.17.2.133 - - [01/Sep/2015:22:12:26 -0500] "GET /~984667/lab1/happy.jpg HTTP/1.1" 304 180 "http://mumstudents.org/~984667/lab1/index" "Mozilla/5.0 (X11; Linux x86_64) AppleWebKit/537.36 (KHTML, like Gecko) Chrome/44.0.2403.157 Safari/537.36"
172.17.2.133 - - [01/Sep/2015:22:12:26 -0500] "GET /~984667/lab1/styleme.css HTTP/1.1" 200 492 "http://mumstudents.org/~984667/lab1/index" "Mozilla/5.0 (X11; Linux x86_64) AppleWebKit/537.36 (KHTML, like Gecko) Chrome/44.0.2403.157 Safari/537.36"
172.17.2.133 - - [01/Sep/2015:22:12:26 -0500] "GET /~984667/lab1/Angry.jpg HTTP/1.1" 304 180 "http://mumstudents.org/~984667/lab1/index" "Mozilla/5.0 (X11; Linux x86_64) AppleWebKit/537.36 (KHTML, like Gecko) Chrome/44.0.2403.157 Safari/537.36"
172.17.2.133 - - [01/Sep/2015:22:12:26 -0500] "GET /cs472/2013-09/images/w3c-html.png HTTP/1.1" 304 180 "http://mumstudents.org/~984667/lab1/index" "Mozilla/5.0 (X11; Linux x86_64) AppleWebKit/537.36 (KHTML, like Gecko) Chrome/44.0.2403.157 Safari/537.36"
172.17.2.133 - - [01/Sep/2015:22:12:27 -0500] "GET /favicon.ico HTTP/1.1" 200 2537 "http://mumstudents.org/~984667/lab1/index" "Mozilla/5.0 (X11; Linux x86_64) AppleWebKit/537.36 (KHTML, like Gecko) Chrome/44.0.2403.157 Safari/537.36"
172.17.2.133 - - [01/Sep/2015:22:12:27 -0500] "GET /~984667/lab1/index HTTP/1.1" 200 1153 "-" "Mozilla/5.0 (X11; Linux x86_64) AppleWebKit/537.36 (KHTML, like Gecko) Chrome/44.0.2403.157 Safari/537.36"
172.17.2.133 - - [01/Sep/2015:22:12:27 -0500] "GET /~984667/lab1/happy.jpg HTTP/1.1" 304 180 "http://mumstudents.org/~984667/lab1/index" "Mozilla/5.0 (X11; Linux x86_64) AppleWebKit/537.36 (KHTML, like Gecko) Chrome/44.0.2403.157 Safari/537.36"
172.17.2.133 - - [01/Sep/2015:22:12:27 -0500] "GET /~984667/lab1/styleme.css HTTP/1.1" 200 492 "http://mumstudents.org/~984667/lab1/index" "Mozilla/5.0 (X11; Linux x86_64) AppleWebKit/537.36 (KHTML, like Gecko) Chrome/44.0.2403.157 Safari/537.36"
172.17.2.133 - - [01/Sep/2015:22:12:27 -0500] "GET /~984667/lab1/Angry.jpg HTTP/1.1" 304 180 "http://mumstudents.org/~984667/lab1/index" "Mozilla/5.0 (X11; Linux x86_64) AppleWebKit/537.36 (KHTML, like Gecko) Chrome/44.0.2403.157 Safari/537.36"
172.17.2.133 - - [01/Sep/2015:22:12:27 -0500] "GET /cs472/2013-09/images/w3c-html.png HTTP/1.1" 304 180 "http://mumstudents.org/~984667/lab1/index" "Mozilla/5.0 (X11; Linux x86_64) AppleWebKit/537.36 (KHTML, like Gecko) Chrome/44.0.2403.157 Safari/537.36"
172.17.2.133 - - [01/Sep/2015:22:12:27 -0500] "GET /favicon.ico HTTP/1.1" 200 2537 "http://mumstudents.org/~984667/lab1/index" "Mozilla/5.0 (X11; Linux x86_64) AppleWebKit/537.36 (KHTML, like Gecko) Chrome/44.0.2403.157 Safari/537.36"
172.17.2.133 - - [01/Sep/2015:22:12:27 -0500] "GET /~984667/lab1/index HTTP/1.1" 200 1153 "-" "Mozilla/5.0 (X11; Linux x86_64) AppleWebKit/537.36 (KHTML, like Gecko) Chrome/44.0.2403.157 Safari/537.36"
172.17.2.133 - - [01/Sep/2015:22:12:27 -0500] "GET /~984667/lab1/happy.jpg HTTP/1.1" 304 180 "http://mumstudents.org/~984667/lab1/index" "Mozilla/5.0 (X11; Linux x86_64) AppleWebKit/537.36 (KHTML, like Gecko) Chrome/44.0.2403.157 Safari/537.36"
172.17.2.133 - - [01/Sep/2015:22:12:27 -0500] "GET /~984667/lab1/styleme.css HTTP/1.1" 200 492 "http://mumstudents.org/~984667/lab1/index" "Mozilla/5.0 (X11; Linux x86_64) AppleWebKit/537.36 (KHTML, like Gecko) Chrome/44.0.2403.157 Safari/537.36"
172.17.2.133 - - [01/Sep/2015:22:12:27 -0500] "GET /~984667/lab1/Angry.jpg HTTP/1.1" 304 180 "http://mumstudents.org/~984667/lab1/index" "Mozilla/5.0 (X11; Linux x86_64) AppleWebKit/537.36 (KHTML, like Gecko) Chrome/44.0.2403.157 Safari/537.36"
172.17.2.133 - - [01/Sep/2015:22:12:27 -0500] "GET /cs472/2013-09/images/w3c-html.png HTTP/1.1" 304 180 "http://mumstudents.org/~984667/lab1/index" "Mozilla/5.0 (X11; Linux x86_64) AppleWebKit/537.36 (KHTML, like Gecko) Chrome/44.0.2403.157 Safari/537.36"
172.17.2.133 - - [01/Sep/2015:22:12:27 -0500] "GET /favicon.ico HTTP/1.1" 200 2537 "http://mumstudents.org/~984667/lab1/index" "Mozilla/5.0 (X11; Linux x86_64) AppleWebKit/537.36 (KHTML, like Gecko) Chrome/44.0.2403.157 Safari/537.36"
172.17.2.133 - - [01/Sep/2015:22:12:28 -0500] "GET /~984667/lab1/index HTTP/1.1" 200 1153 "-" "Mozilla/5.0 (X11; Linux x86_64) AppleWebKit/537.36 (KHTML, like Gecko) Chrome/44.0.2403.157 Safari/537.36"
172.17.2.133 - - [01/Sep/2015:22:12:28 -0500] "GET /~984667/lab1/styleme.css HTTP/1.1" 200 492 "http://mumstudents.org/~984667/lab1/index" "Mozilla/5.0 (X11; Linux x86_64) AppleWebKit/537.36 (KHTML, like Gecko) Chrome/44.0.2403.157 Safari/537.36"
172.17.2.133 - - [01/Sep/2015:22:12:28 -0500] "GET /~984667/lab1/happy.jpg HTTP/1.1" 304 180 "http://mumstudents.org/~984667/lab1/index" "Mozilla/5.0 (X11; Linux x86_64) AppleWebKit/537.36 (KHTML, like Gecko) Chrome/44.0.2403.157 Safari/537.36"
172.17.2.133 - - [01/Sep/2015:22:12:28 -0500] "GET /~984667/lab1/Angry.jpg HTTP/1.1" 304 180 "http://mumstudents.org/~984667/lab1/index" "Mozilla/5.0 (X11; Linux x86_64) AppleWebKit/537.36 (KHTML, like Gecko) Chrome/44.0.2403.157 Safari/537.36"
172.17.2.133 - - [01/Sep/2015:22:12:28 -0500] "GET /cs472/2013-09/images/w3c-html.png HTTP/1.1" 304 180 "http://mumstudents.org/~984667/lab1/index" "Mozilla/5.0 (X11; Linux x86_64) AppleWebKit/537.36 (KHTML, like Gecko) Chrome/44.0.2403.157 Safari/537.36"
172.17.2.133 - - [01/Sep/2015:22:12:28 -0500] "GET /favicon.ico HTTP/1.1" 200 2537 "http://mumstudents.org/~984667/lab1/index" "Mozilla/5.0 (X11; Linux x86_64) AppleWebKit/537.36 (KHTML, like Gecko) Chrome/44.0.2403.157 Safari/537.36"
172.17.2.133 - - [01/Sep/2015:22:12:31 -0500] "GET /~984667/lab1/index HTTP/1.1" 200 1153 "-" "Mozilla/5.0 (X11; Linux x86_64) AppleWebKit/537.36 (KHTML, like Gecko) Chrome/44.0.2403.157 Safari/537.36"
172.17.2.133 - - [01/Sep/2015:22:12:31 -0500] "GET /~984667/lab1/happy.jpg HTTP/1.1" 200 21464 "http://mumstudents.org/~984667/lab1/index" "Mozilla/5.0 (X11; Linux x86_64) AppleWebKit/537.36 (KHTML, like Gecko) Chrome/44.0.2403.157 Safari/537.36"
172.17.2.133 - - [01/Sep/2015:22:12:31 -0500] "GET /~984667/lab1/styleme.css HTTP/1.1" 200 492 "http://mumstudents.org/~984667/lab1/index" "Mozilla/5.0 (X11; Linux x86_64) AppleWebKit/537.36 (KHTML, like Gecko) Chrome/44.0.2403.157 Safari/537.36"
172.17.2.133 - - [01/Sep/2015:22:12:31 -0500] "GET /~984667/lab1/Angry.jpg HTTP/1.1" 200 5230 "http://mumstudents.org/~984667/lab1/index" "Mozilla/5.0 (X11; Linux x86_64) AppleWebKit/537.36 (KHTML, like Gecko) Chrome/44.0.2403.157 Safari/537.36"
172.17.2.133 - - [01/Sep/2015:22:12:31 -0500] "GET /cs472/2013-09/images/w3c-html.png HTTP/1.1" 200 6324 "http://mumstudents.org/~984667/lab1/index" "Mozilla/5.0 (X11; Linux x86_64) AppleWebKit/537.36 (KHTML, like Gecko) Chrome/44.0.2403.157 Safari/537.36"
172.17.2.133 - - [01/Sep/2015:22:12:32 -0500] "GET /favicon.ico HTTP/1.1" 200 2537 "http://mumstudents.org/~984667/lab1/index" "Mozilla/5.0 (X11; Linux x86_64) AppleWebKit/537.36 (KHTML, like Gecko) Chrome/44.0.2403.157 Safari/537.36"
172.17.2.133 - - [01/Sep/2015:22:12:32 -0500] "GET /~984667/lab1/index HTTP/1.1" 200 1153 "-" "Mozilla/5.0 (X11; Linux x86_64) AppleWebKit/537.36 (KHTML, like Gecko) Chrome/44.0.2403.157 Safari/537.36"
172.17.2.133 - - [01/Sep/2015:22:12:32 -0500] "GET /~984667/lab1/styleme.css HTTP/1.1" 200 492 "http://mumstudents.org/~984667/lab1/index" "Mozilla/5.0 (X11; Linux x86_64) AppleWebKit/537.36 (KHTML, like Gecko) Chrome/44.0.2403.157 Safari/537.36"
172.17.2.133 - - [01/Sep/2015:22:12:32 -0500] "GET /~984667/lab1/happy.jpg HTTP/1.1" 200 21464 "http://mumstudents.org/~984667/lab1/index" "Mozilla/5.0 (X11; Linux x86_64) AppleWebKit/537.36 (KHTML, like Gecko) Chrome/44.0.2403.157 Safari/537.36"
172.17.2.133 - - [01/Sep/2015:22:12:32 -0500] "GET /~984667/lab1/Angry.jpg HTTP/1.1" 200 5230 "http://mumstudents.org/~984667/lab1/index" "Mozilla/5.0 (X11; Linux x86_64) AppleWebKit/537.36 (KHTML, like Gecko) Chrome/44.0.2403.157 Safari/537.36"
172.17.2.133 - - [01/Sep/2015:22:12:32 -0500] "GET /cs472/2013-09/images/w3c-html.png HTTP/1.1" 200 6323 "http://mumstudents.org/~984667/lab1/index" "Mozilla/5.0 (X11; Linux x86_64) AppleWebKit/537.36 (KHTML, like Gecko) Chrome/44.0.2403.157 Safari/537.36"
172.17.2.133 - - [01/Sep/2015:22:12:32 -0500] "GET /~984667/lab1/index HTTP/1.1" 200 1153 "-" "Mozilla/5.0 (X11; Linux x86_64) AppleWebKit/537.36 (KHTML, like Gecko) Chrome/44.0.2403.157 Safari/537.36"
172.17.2.133 - - [01/Sep/2015:22:12:32 -0500] "GET /~984667/lab1/styleme.css HTTP/1.1" 200 492 "http://mumstudents.org/~984667/lab1/index" "Mozilla/5.0 (X11; Linux x86_64) AppleWebKit/537.36 (KHTML, like Gecko) Chrome/44.0.2403.157 Safari/537.36"
172.17.2.133 - - [01/Sep/2015:22:12:32 -0500] "GET /~984667/lab1/happy.jpg HTTP/1.1" 200 21464 "http://mumstudents.org/~984667/lab1/index" "Mozilla/5.0 (X11; Linux x86_64) AppleWebKit/537.36 (KHTML, like Gecko) Chrome/44.0.2403.157 Safari/537.36"
172.17.2.133 - - [01/Sep/2015:22:12:32 -0500] "GET /~984667/lab1/Angry.jpg HTTP/1.1" 200 5230 "http://mumstudents.org/~984667/lab1/index" "Mozilla/5.0 (X11; Linux x86_64) AppleWebKit/537.36 (KHTML, like Gecko) Chrome/44.0.2403.157 Safari/537.36"
172.17.2.133 - - [01/Sep/2015:22:12:32 -0500] "GET /cs472/2013-09/images/w3c-html.png HTTP/1.1" 200 6323 "http://mumstudents.org/~984667/lab1/index" "Mozilla/5.0 (X11; Linux x86_64) AppleWebKit/537.36 (KHTML, like Gecko) Chrome/44.0.2403.157 Safari/537.36"
172.17.2.133 - - [01/Sep/2015:22:12:32 -0500] "GET /~984667/lab1/index HTTP/1.1" 200 1153 "-" "Mozilla/5.0 (X11; Linux x86_64) AppleWebKit/537.36 (KHTML, like Gecko) Chrome/44.0.2403.157 Safari/537.36"
172.17.2.133 - - [01/Sep/2015:22:12:32 -0500] "GET /~984667/lab1/styleme.css HTTP/1.1" 200 492 "http://mumstudents.org/~984667/lab1/index" "Mozilla/5.0 (X11; Linux x86_64) AppleWebKit/537.36 (KHTML, like Gecko) Chrome/44.0.2403.157 Safari/537.36"
172.17.2.133 - - [01/Sep/2015:22:12:32 -0500] "GET /~984667/lab1/happy.jpg HTTP/1.1" 200 21465 "http://mumstudents.org/~984667/lab1/index" "Mozilla/5.0 (X11; Linux x86_64) AppleWebKit/537.36 (KHTML, like Gecko) Chrome/44.0.2403.157 Safari/537.36"
172.17.2.133 - - [01/Sep/2015:22:12:32 -0500] "GET /~984667/lab1/Angry.jpg HTTP/1.1" 200 5230 "http://mumstudents.org/~984667/lab1/index" "Mozilla/5.0 (X11; Linux x86_64) AppleWebKit/537.36 (KHTML, like Gecko) Chrome/44.0.2403.157 Safari/537.36"
172.17.2.133 - - [01/Sep/2015:22:12:32 -0500] "GET /cs472/2013-09/images/w3c-html.png HTTP/1.1" 200 6324 "http://mumstudents.org/~984667/lab1/index" "Mozilla/5.0 (X11; Linux x86_64) AppleWebKit/537.36 (KHTML, like Gecko) Chrome/44.0.2403.157 Safari/537.36"
172.17.2.133 - - [01/Sep/2015:22:12:33 -0500] "GET /favicon.ico HTTP/1.1" 200 2537 "http://mumstudents.org/~984667/lab1/index" "Mozilla/5.0 (X11; Linux x86_64) AppleWebKit/537.36 (KHTML, like Gecko) Chrome/44.0.2403.157 Safari/537.36"
128.30.52.73 - - [01/Sep/2015:22:12:36 -0500] "GET /~984667/lab1/index HTTP/1.1" 200 1117 "-" "W3C_Validator/1.3 http://validator.w3.org/services"
128.30.52.73 - - [01/Sep/2015:22:12:37 -0500] "GET /~984667/lab1/index HTTP/1.1" 200 1154 "-" "Validator.nu/LV http://validator.w3.org/services"
128.30.52.103 - - [01/Sep/2015:22:12:49 -0500] "GET /~984667/lab1/index HTTP/1.1" 200 1820 "-" "Jigsaw/2.3.0 W3C_CSS_Validator_JFouffa/2.0 (See <http://validator.w3.org/services>)"
128.30.52.103 - - [01/Sep/2015:22:12:49 -0500] "GET /~984667/lab1/styleme.css HTTP/1.1" 200 442 "http://mumstudents.org/~984667/lab1/index.html" "Jigsaw/2.3.0 W3C_CSS_Validator_JFouffa/2.0 (See <http://validator.w3.org/services>)"
172.17.2.133 - - [01/Sep/2015:22:20:50 -0500] "GET /~984667/lab1/index HTTP/1.1" 200 1154 "-" "Mozilla/5.0 (X11; Linux x86_64) AppleWebKit/537.36 (KHTML, like Gecko) Chrome/44.0.2403.157 Safari/537.36"
172.17.2.133 - - [01/Sep/2015:22:20:50 -0500] "GET /~984667/lab1/styleme.css HTTP/1.1" 200 492 "http://mumstudents.org/~984667/lab1/index" "Mozilla/5.0 (X11; Linux x86_64) AppleWebKit/537.36 (KHTML, like Gecko) Chrome/44.0.2403.157 Safari/537.36"
172.17.2.133 - - [01/Sep/2015:22:20:50 -0500] "GET /~984667/lab1/happy.jpg HTTP/1.1" 304 181 "http://mumstudents.org/~984667/lab1/index" "Mozilla/5.0 (X11; Linux x86_64) AppleWebKit/537.36 (KHTML, like Gecko) Chrome/44.0.2403.157 Safari/537.36"
172.17.2.133 - - [01/Sep/2015:22:20:50 -0500] "GET /~984667/lab1/Angry.jpg HTTP/1.1" 304 180 "http://mumstudents.org/~984667/lab1/index" "Mozilla/5.0 (X11; Linux x86_64) AppleWebKit/537.36 (KHTML, like Gecko) Chrome/44.0.2403.157 Safari/537.36"
172.17.2.133 - - [01/Sep/2015:22:20:50 -0500] "GET /cs472/2013-09/images/w3c-html.png HTTP/1.1" 304 180 "http://mumstudents.org/~984667/lab1/index" "Mozilla/5.0 (X11; Linux x86_64) AppleWebKit/537.36 (KHTML, like Gecko) Chrome/44.0.2403.157 Safari/537.36"
172.17.2.133 - - [01/Sep/2015:22:20:50 -0500] "GET /favicon.ico HTTP/1.1" 200 2537 "http://mumstudents.org/~984667/lab1/index" "Mozilla/5.0 (X11; Linux x86_64) AppleWebKit/537.36 (KHTML, like Gecko) Chrome/44.0.2403.157 Safari/537.36"
172.17.2.133 - - [01/Sep/2015:22:20:52 -0500] "GET /~984667/lab1/index HTTP/1.1" 200 1153 "-" "Mozilla/5.0 (X11; Linux x86_64) AppleWebKit/537.36 (KHTML, like Gecko) Chrome/44.0.2403.157 Safari/537.36"
172.17.2.133 - - [01/Sep/2015:22:20:52 -0500] "GET /~984667/lab1/styleme.css HTTP/1.1" 200 492 "http://mumstudents.org/~984667/lab1/index" "Mozilla/5.0 (X11; Linux x86_64) AppleWebKit/537.36 (KHTML, like Gecko) Chrome/44.0.2403.157 Safari/537.36"
172.17.2.133 - - [01/Sep/2015:22:20:52 -0500] "GET /~984667/lab1/happy.jpg HTTP/1.1" 304 180 "http://mumstudents.org/~984667/lab1/index" "Mozilla/5.0 (X11; Linux x86_64) AppleWebKit/537.36 (KHTML, like Gecko) Chrome/44.0.2403.157 Safari/537.36"
172.17.2.133 - - [01/Sep/2015:22:20:52 -0500] "GET /~984667/lab1/Angry.jpg HTTP/1.1" 304 180 "http://mumstudents.org/~984667/lab1/index" "Mozilla/5.0 (X11; Linux x86_64) AppleWebKit/537.36 (KHTML, like Gecko) Chrome/44.0.2403.157 Safari/537.36"
172.17.2.133 - - [01/Sep/2015:22:20:52 -0500] "GET /cs472/2013-09/images/w3c-html.png HTTP/1.1" 304 180 "http://mumstudents.org/~984667/lab1/index" "Mozilla/5.0 (X11; Linux x86_64) AppleWebKit/537.36 (KHTML, like Gecko) Chrome/44.0.2403.157 Safari/537.36"
