128.30.52.96 - - [03/Sep/2015:10:22:41 -0500] "GET /~984667/hw1/pie.html HTTP/1.1" 200 2312 "-" "W3C_Validator/1.3 http://validator.w3.org/services"
128.30.52.96 - - [03/Sep/2015:10:22:42 -0500] "GET /~984667/hw1/pie.html HTTP/1.1" 200 2349 "-" "Validator.nu/LV http://validator.w3.org/services"
10.10.14.183 - - [03/Sep/2015:10:26:30 -0500] "GET /~984667/ HTTP/1.1" 200 660 "-" "Mozilla/5.0 (Windows NT 6.1; WOW64) AppleWebKit/537.36 (KHTML, like Gecko) Chrome/44.0.2403.157 Safari/537.36"
10.10.14.183 - - [03/Sep/2015:10:26:30 -0500] "GET /~984667/dheeraj.jpg HTTP/1.1" 304 180 "http://mumstudents.org/~984667/" "Mozilla/5.0 (Windows NT 6.1; WOW64) AppleWebKit/537.36 (KHTML, like Gecko) Chrome/44.0.2403.157 Safari/537.36"
10.10.14.183 - - [03/Sep/2015:10:26:30 -0500] "GET /cs472/2013-09/images/w3c-html.png HTTP/1.1" 304 180 "http://mumstudents.org/~984667/" "Mozilla/5.0 (Windows NT 6.1; WOW64) AppleWebKit/537.36 (KHTML, like Gecko) Chrome/44.0.2403.157 Safari/537.36"
10.10.14.183 - - [03/Sep/2015:10:26:30 -0500] "GET /favicon.ico HTTP/1.1" 200 2537 "http://mumstudents.org/~984667/" "Mozilla/5.0 (Windows NT 6.1; WOW64) AppleWebKit/537.36 (KHTML, like Gecko) Chrome/44.0.2403.157 Safari/537.36"
10.10.14.183 - - [03/Sep/2015:10:26:32 -0500] "GET /~984667/ HTTP/1.1" 200 659 "-" "Mozilla/5.0 (Windows NT 6.1; WOW64) AppleWebKit/537.36 (KHTML, like Gecko) Chrome/44.0.2403.157 Safari/537.36"
10.10.14.183 - - [03/Sep/2015:10:26:32 -0500] "GET /cs472/2013-09/images/w3c-html.png HTTP/1.1" 200 6324 "http://mumstudents.org/~984667/" "Mozilla/5.0 (Windows NT 6.1; WOW64) AppleWebKit/537.36 (KHTML, like Gecko) Chrome/44.0.2403.157 Safari/537.36"
10.10.14.183 - - [03/Sep/2015:10:26:32 -0500] "GET /~984667/dheeraj.jpg HTTP/1.1" 200 25190 "http://mumstudents.org/~984667/" "Mozilla/5.0 (Windows NT 6.1; WOW64) AppleWebKit/537.36 (KHTML, like Gecko) Chrome/44.0.2403.157 Safari/537.36"
10.10.14.183 - - [03/Sep/2015:10:26:32 -0500] "GET /favicon.ico HTTP/1.1" 200 2537 "http://mumstudents.org/~984667/" "Mozilla/5.0 (Windows NT 6.1; WOW64) AppleWebKit/537.36 (KHTML, like Gecko) Chrome/44.0.2403.157 Safari/537.36"
10.10.14.183 - - [03/Sep/2015:10:26:32 -0500] "GET /~984667/ HTTP/1.1" 200 659 "-" "Mozilla/5.0 (Windows NT 6.1; WOW64) AppleWebKit/537.36 (KHTML, like Gecko) Chrome/44.0.2403.157 Safari/537.36"
10.10.14.183 - - [03/Sep/2015:10:26:32 -0500] "GET /cs472/2013-09/images/w3c-html.png HTTP/1.1" 200 6323 "http://mumstudents.org/~984667/" "Mozilla/5.0 (Windows NT 6.1; WOW64) AppleWebKit/537.36 (KHTML, like Gecko) Chrome/44.0.2403.157 Safari/537.36"
10.10.14.183 - - [03/Sep/2015:10:26:32 -0500] "GET /~984667/dheeraj.jpg HTTP/1.1" 200 25190 "http://mumstudents.org/~984667/" "Mozilla/5.0 (Windows NT 6.1; WOW64) AppleWebKit/537.36 (KHTML, like Gecko) Chrome/44.0.2403.157 Safari/537.36"
10.10.14.183 - - [03/Sep/2015:10:26:32 -0500] "GET /favicon.ico HTTP/1.1" 200 2537 "http://mumstudents.org/~984667/" "Mozilla/5.0 (Windows NT 6.1; WOW64) AppleWebKit/537.36 (KHTML, like Gecko) Chrome/44.0.2403.157 Safari/537.36"
10.10.14.183 - - [03/Sep/2015:10:26:32 -0500] "GET /~984667/ HTTP/1.1" 200 659 "-" "Mozilla/5.0 (Windows NT 6.1; WOW64) AppleWebKit/537.36 (KHTML, like Gecko) Chrome/44.0.2403.157 Safari/537.36"
10.10.14.183 - - [03/Sep/2015:10:26:32 -0500] "GET /~984667/dheeraj.jpg HTTP/1.1" 200 25190 "http://mumstudents.org/~984667/" "Mozilla/5.0 (Windows NT 6.1; WOW64) AppleWebKit/537.36 (KHTML, like Gecko) Chrome/44.0.2403.157 Safari/537.36"
10.10.14.183 - - [03/Sep/2015:10:26:32 -0500] "GET /cs472/2013-09/images/w3c-html.png HTTP/1.1" 200 6323 "http://mumstudents.org/~984667/" "Mozilla/5.0 (Windows NT 6.1; WOW64) AppleWebKit/537.36 (KHTML, like Gecko) Chrome/44.0.2403.157 Safari/537.36"
10.10.14.183 - - [03/Sep/2015:10:26:32 -0500] "GET /favicon.ico HTTP/1.1" 200 2537 "http://mumstudents.org/~984667/" "Mozilla/5.0 (Windows NT 6.1; WOW64) AppleWebKit/537.36 (KHTML, like Gecko) Chrome/44.0.2403.157 Safari/537.36"
10.10.14.183 - - [03/Sep/2015:10:26:33 -0500] "GET /~984667/hw1/pie.html HTTP/1.1" 200 2348 "http://mumstudents.org/~984667/" "Mozilla/5.0 (Windows NT 6.1; WOW64) AppleWebKit/537.36 (KHTML, like Gecko) Chrome/44.0.2403.157 Safari/537.36"
10.10.14.183 - - [03/Sep/2015:10:26:33 -0500] "GET /~984667/hw1/recipe.css HTTP/1.1" 200 906 "http://mumstudents.org/~984667/hw1/pie.html" "Mozilla/5.0 (Windows NT 6.1; WOW64) AppleWebKit/537.36 (KHTML, like Gecko) Chrome/44.0.2403.157 Safari/537.36"
10.10.14.183 - - [03/Sep/2015:10:26:33 -0500] "GET /~984667/hw1/Images/pie.jpg HTTP/1.1" 304 180 "http://mumstudents.org/~984667/hw1/pie.html" "Mozilla/5.0 (Windows NT 6.1; WOW64) AppleWebKit/537.36 (KHTML, like Gecko) Chrome/44.0.2403.157 Safari/537.36"
10.10.14.183 - - [03/Sep/2015:10:26:33 -0500] "GET /~984667/hw1/Images/silverware.jpg HTTP/1.1" 304 180 "http://mumstudents.org/~984667/hw1/pie.html" "Mozilla/5.0 (Windows NT 6.1; WOW64) AppleWebKit/537.36 (KHTML, like Gecko) Chrome/44.0.2403.157 Safari/537.36"
10.10.14.183 - - [03/Sep/2015:10:26:33 -0500] "GET /~984667/hw1/Images/pie_icon.gif HTTP/1.1" 304 178 "http://mumstudents.org/~984667/hw1/pie.html" "Mozilla/5.0 (Windows NT 6.1; WOW64) AppleWebKit/537.36 (KHTML, like Gecko) Chrome/44.0.2403.157 Safari/537.36"
128.30.52.73 - - [03/Sep/2015:10:26:38 -0500] "GET /~984667/hw1/pie.html HTTP/1.1" 200 2312 "-" "W3C_Validator/1.3 http://validator.w3.org/services"
128.30.52.73 - - [03/Sep/2015:10:26:43 -0500] "GET /~984667/hw1/pie.html HTTP/1.1" 200 2349 "-" "Validator.nu/LV http://validator.w3.org/services"
128.30.52.73 - - [03/Sep/2015:10:27:07 -0500] "GET /~984667/hw1/pie.html HTTP/1.1" 200 2349 "-" "Validator.nu/LV http://validator.w3.org/services"
10.10.14.183 - - [03/Sep/2015:10:27:13 -0500] "GET /~984667/hw1/pie.html HTTP/1.1" 200 2349 "http://mumstudents.org/~984667/" "Mozilla/5.0 (Windows NT 6.1; WOW64) AppleWebKit/537.36 (KHTML, like Gecko) Chrome/44.0.2403.157 Safari/537.36"
10.10.14.183 - - [03/Sep/2015:10:27:13 -0500] "GET /~984667/hw1/Images/pie.jpg HTTP/1.1" 200 36216 "http://mumstudents.org/~984667/hw1/pie.html" "Mozilla/5.0 (Windows NT 6.1; WOW64) AppleWebKit/537.36 (KHTML, like Gecko) Chrome/44.0.2403.157 Safari/537.36"
10.10.14.183 - - [03/Sep/2015:10:27:13 -0500] "GET /~984667/hw1/recipe.css HTTP/1.1" 200 906 "http://mumstudents.org/~984667/hw1/pie.html" "Mozilla/5.0 (Windows NT 6.1; WOW64) AppleWebKit/537.36 (KHTML, like Gecko) Chrome/44.0.2403.157 Safari/537.36"
10.10.14.183 - - [03/Sep/2015:10:27:13 -0500] "GET /cs472/2013-09/images/w3c-html.png HTTP/1.1" 200 6323 "http://mumstudents.org/~984667/hw1/pie.html" "Mozilla/5.0 (Windows NT 6.1; WOW64) AppleWebKit/537.36 (KHTML, like Gecko) Chrome/44.0.2403.157 Safari/537.36"
10.10.14.183 - - [03/Sep/2015:10:27:13 -0500] "GET /~984667/hw1/Images/pie_icon.gif HTTP/1.1" 200 437 "http://mumstudents.org/~984667/hw1/recipe.css" "Mozilla/5.0 (Windows NT 6.1; WOW64) AppleWebKit/537.36 (KHTML, like Gecko) Chrome/44.0.2403.157 Safari/537.36"
10.10.14.183 - - [03/Sep/2015:10:27:13 -0500] "GET /~984667/hw1/Images/silverware.jpg HTTP/1.1" 200 4627 "http://mumstudents.org/~984667/hw1/recipe.css" "Mozilla/5.0 (Windows NT 6.1; WOW64) AppleWebKit/537.36 (KHTML, like Gecko) Chrome/44.0.2403.157 Safari/537.36"
10.10.14.183 - - [03/Sep/2015:10:27:14 -0500] "GET /favicon.ico HTTP/1.1" 200 2537 "http://mumstudents.org/~984667/hw1/pie.html" "Mozilla/5.0 (Windows NT 6.1; WOW64) AppleWebKit/537.36 (KHTML, like Gecko) Chrome/44.0.2403.157 Safari/537.36"
128.30.52.96 - - [03/Sep/2015:10:27:16 -0500] "GET /~984667/hw1/pie.html HTTP/1.1" 200 2312 "-" "W3C_Validator/1.3 http://validator.w3.org/services"
128.30.52.70 - - [03/Sep/2015:10:27:17 -0500] "GET /~984667/hw1/pie.html HTTP/1.1" 200 2312 "-" "W3C_Validator/1.3 http://validator.w3.org/services"
128.30.52.70 - - [03/Sep/2015:10:27:19 -0500] "GET /~984667/hw1/pie.html HTTP/1.1" 200 2349 "-" "Validator.nu/LV http://validator.w3.org/services"
66.249.88.119 - - [03/Sep/2015:10:27:44 -0500] "GET /~984667/ HTTP/1.1" 200 660 "-" "Google favicon"
10.10.14.183 - - [03/Sep/2015:10:29:27 -0500] "GET /~984667/hw1/pie.html HTTP/1.1" 200 2309 "http://mumstudents.org/~984667/" "Mozilla/5.0 (Windows NT 6.1; WOW64) AppleWebKit/537.36 (KHTML, like Gecko) Chrome/44.0.2403.157 Safari/537.36"
10.10.14.183 - - [03/Sep/2015:10:29:27 -0500] "GET /~984667/hw1/recipe.css HTTP/1.1" 200 898 "http://mumstudents.org/~984667/hw1/pie.html" "Mozilla/5.0 (Windows NT 6.1; WOW64) AppleWebKit/537.36 (KHTML, like Gecko) Chrome/44.0.2403.157 Safari/537.36"
10.10.14.183 - - [03/Sep/2015:10:29:27 -0500] "GET /~984667/hw1/Images/pie.jpg HTTP/1.1" 200 36216 "http://mumstudents.org/~984667/hw1/pie.html" "Mozilla/5.0 (Windows NT 6.1; WOW64) AppleWebKit/537.36 (KHTML, like Gecko) Chrome/44.0.2403.157 Safari/537.36"
10.10.14.183 - - [03/Sep/2015:10:29:27 -0500] "GET /cs472/2013-09/images/w3c-html.png HTTP/1.1" 304 180 "http://mumstudents.org/~984667/hw1/pie.html" "Mozilla/5.0 (Windows NT 6.1; WOW64) AppleWebKit/537.36 (KHTML, like Gecko) Chrome/44.0.2403.157 Safari/537.36"
10.10.14.183 - - [03/Sep/2015:10:29:27 -0500] "GET /~984667/hw1/Images/silverware.jpg HTTP/1.1" 200 4627 "http://mumstudents.org/~984667/hw1/pie.html" "Mozilla/5.0 (Windows NT 6.1; WOW64) AppleWebKit/537.36 (KHTML, like Gecko) Chrome/44.0.2403.157 Safari/537.36"
10.10.14.183 - - [03/Sep/2015:10:29:27 -0500] "GET /~984667/hw1/Images/pie_icon.gif HTTP/1.1" 200 436 "http://mumstudents.org/~984667/hw1/pie.html" "Mozilla/5.0 (Windows NT 6.1; WOW64) AppleWebKit/537.36 (KHTML, like Gecko) Chrome/44.0.2403.157 Safari/537.36"
10.10.14.183 - - [03/Sep/2015:10:29:27 -0500] "GET /favicon.ico HTTP/1.1" 200 2537 "http://mumstudents.org/~984667/hw1/pie.html" "Mozilla/5.0 (Windows NT 6.1; WOW64) AppleWebKit/537.36 (KHTML, like Gecko) Chrome/44.0.2403.157 Safari/537.36"
10.10.14.183 - - [03/Sep/2015:10:29:28 -0500] "GET /~984667/hw1/pie.html HTTP/1.1" 200 2308 "http://mumstudents.org/~984667/" "Mozilla/5.0 (Windows NT 6.1; WOW64) AppleWebKit/537.36 (KHTML, like Gecko) Chrome/44.0.2403.157 Safari/537.36"
10.10.14.183 - - [03/Sep/2015:10:29:28 -0500] "GET /~984667/hw1/Images/pie.jpg HTTP/1.1" 304 180 "http://mumstudents.org/~984667/hw1/pie.html" "Mozilla/5.0 (Windows NT 6.1; WOW64) AppleWebKit/537.36 (KHTML, like Gecko) Chrome/44.0.2403.157 Safari/537.36"
10.10.14.183 - - [03/Sep/2015:10:29:28 -0500] "GET /~984667/hw1/recipe.css HTTP/1.1" 200 898 "http://mumstudents.org/~984667/hw1/pie.html" "Mozilla/5.0 (Windows NT 6.1; WOW64) AppleWebKit/537.36 (KHTML, like Gecko) Chrome/44.0.2403.157 Safari/537.36"
10.10.14.183 - - [03/Sep/2015:10:29:28 -0500] "GET /cs472/2013-09/images/w3c-html.png HTTP/1.1" 304 180 "http://mumstudents.org/~984667/hw1/pie.html" "Mozilla/5.0 (Windows NT 6.1; WOW64) AppleWebKit/537.36 (KHTML, like Gecko) Chrome/44.0.2403.157 Safari/537.36"
10.10.14.183 - - [03/Sep/2015:10:29:28 -0500] "GET /~984667/hw1/Images/pie_icon.gif HTTP/1.1" 304 178 "http://mumstudents.org/~984667/hw1/pie.html" "Mozilla/5.0 (Windows NT 6.1; WOW64) AppleWebKit/537.36 (KHTML, like Gecko) Chrome/44.0.2403.157 Safari/537.36"
10.10.14.183 - - [03/Sep/2015:10:29:28 -0500] "GET /~984667/hw1/Images/silverware.jpg HTTP/1.1" 304 180 "http://mumstudents.org/~984667/hw1/pie.html" "Mozilla/5.0 (Windows NT 6.1; WOW64) AppleWebKit/537.36 (KHTML, like Gecko) Chrome/44.0.2403.157 Safari/537.36"
10.10.14.183 - - [03/Sep/2015:10:29:28 -0500] "GET /favicon.ico HTTP/1.1" 200 2537 "http://mumstudents.org/~984667/hw1/pie.html" "Mozilla/5.0 (Windows NT 6.1; WOW64) AppleWebKit/537.36 (KHTML, like Gecko) Chrome/44.0.2403.157 Safari/537.36"
10.10.14.183 - - [03/Sep/2015:10:29:28 -0500] "GET /~984667/hw1/pie.html HTTP/1.1" 200 2308 "http://mumstudents.org/~984667/" "Mozilla/5.0 (Windows NT 6.1; WOW64) AppleWebKit/537.36 (KHTML, like Gecko) Chrome/44.0.2403.157 Safari/537.36"
10.10.14.183 - - [03/Sep/2015:10:29:28 -0500] "GET /~984667/hw1/Images/pie.jpg HTTP/1.1" 304 180 "http://mumstudents.org/~984667/hw1/pie.html" "Mozilla/5.0 (Windows NT 6.1; WOW64) AppleWebKit/537.36 (KHTML, like Gecko) Chrome/44.0.2403.157 Safari/537.36"
10.10.14.183 - - [03/Sep/2015:10:29:28 -0500] "GET /~984667/hw1/recipe.css HTTP/1.1" 200 898 "http://mumstudents.org/~984667/hw1/pie.html" "Mozilla/5.0 (Windows NT 6.1; WOW64) AppleWebKit/537.36 (KHTML, like Gecko) Chrome/44.0.2403.157 Safari/537.36"
10.10.14.183 - - [03/Sep/2015:10:29:28 -0500] "GET /cs472/2013-09/images/w3c-html.png HTTP/1.1" 304 180 "http://mumstudents.org/~984667/hw1/pie.html" "Mozilla/5.0 (Windows NT 6.1; WOW64) AppleWebKit/537.36 (KHTML, like Gecko) Chrome/44.0.2403.157 Safari/537.36"
10.10.14.183 - - [03/Sep/2015:10:29:28 -0500] "GET /~984667/hw1/Images/pie_icon.gif HTTP/1.1" 304 179 "http://mumstudents.org/~984667/hw1/pie.html" "Mozilla/5.0 (Windows NT 6.1; WOW64) AppleWebKit/537.36 (KHTML, like Gecko) Chrome/44.0.2403.157 Safari/537.36"
10.10.14.183 - - [03/Sep/2015:10:29:28 -0500] "GET /~984667/hw1/Images/silverware.jpg HTTP/1.1" 304 180 "http://mumstudents.org/~984667/hw1/pie.html" "Mozilla/5.0 (Windows NT 6.1; WOW64) AppleWebKit/537.36 (KHTML, like Gecko) Chrome/44.0.2403.157 Safari/537.36"
10.10.14.183 - - [03/Sep/2015:10:29:28 -0500] "GET /favicon.ico HTTP/1.1" 200 2537 "http://mumstudents.org/~984667/hw1/pie.html" "Mozilla/5.0 (Windows NT 6.1; WOW64) AppleWebKit/537.36 (KHTML, like Gecko) Chrome/44.0.2403.157 Safari/537.36"
10.10.14.183 - - [03/Sep/2015:10:29:29 -0500] "GET /~984667/hw1/pie.html HTTP/1.1" 200 2308 "http://mumstudents.org/~984667/" "Mozilla/5.0 (Windows NT 6.1; WOW64) AppleWebKit/537.36 (KHTML, like Gecko) Chrome/44.0.2403.157 Safari/537.36"
10.10.14.183 - - [03/Sep/2015:10:29:29 -0500] "GET /~984667/hw1/Images/pie.jpg HTTP/1.1" 304 180 "http://mumstudents.org/~984667/hw1/pie.html" "Mozilla/5.0 (Windows NT 6.1; WOW64) AppleWebKit/537.36 (KHTML, like Gecko) Chrome/44.0.2403.157 Safari/537.36"
10.10.14.183 - - [03/Sep/2015:10:29:29 -0500] "GET /~984667/hw1/recipe.css HTTP/1.1" 200 898 "http://mumstudents.org/~984667/hw1/pie.html" "Mozilla/5.0 (Windows NT 6.1; WOW64) AppleWebKit/537.36 (KHTML, like Gecko) Chrome/44.0.2403.157 Safari/537.36"
10.10.14.183 - - [03/Sep/2015:10:29:29 -0500] "GET /cs472/2013-09/images/w3c-html.png HTTP/1.1" 304 180 "http://mumstudents.org/~984667/hw1/pie.html" "Mozilla/5.0 (Windows NT 6.1; WOW64) AppleWebKit/537.36 (KHTML, like Gecko) Chrome/44.0.2403.157 Safari/537.36"
10.10.14.183 - - [03/Sep/2015:10:29:29 -0500] "GET /~984667/hw1/Images/silverware.jpg HTTP/1.1" 304 180 "http://mumstudents.org/~984667/hw1/pie.html" "Mozilla/5.0 (Windows NT 6.1; WOW64) AppleWebKit/537.36 (KHTML, like Gecko) Chrome/44.0.2403.157 Safari/537.36"
10.10.14.183 - - [03/Sep/2015:10:29:29 -0500] "GET /~984667/hw1/Images/pie_icon.gif HTTP/1.1" 304 178 "http://mumstudents.org/~984667/hw1/pie.html" "Mozilla/5.0 (Windows NT 6.1; WOW64) AppleWebKit/537.36 (KHTML, like Gecko) Chrome/44.0.2403.157 Safari/537.36"
10.10.14.183 - - [03/Sep/2015:10:29:29 -0500] "GET /favicon.ico HTTP/1.1" 200 2537 "http://mumstudents.org/~984667/hw1/pie.html" "Mozilla/5.0 (Windows NT 6.1; WOW64) AppleWebKit/537.36 (KHTML, like Gecko) Chrome/44.0.2403.157 Safari/537.36"
10.10.14.183 - - [03/Sep/2015:10:29:30 -0500] "GET /~984667/hw1/pie.html HTTP/1.1" 200 2308 "http://mumstudents.org/~984667/" "Mozilla/5.0 (Windows NT 6.1; WOW64) AppleWebKit/537.36 (KHTML, like Gecko) Chrome/44.0.2403.157 Safari/537.36"
10.10.14.183 - - [03/Sep/2015:10:29:30 -0500] "GET /~984667/hw1/Images/pie.jpg HTTP/1.1" 200 36215 "http://mumstudents.org/~984667/hw1/pie.html" "Mozilla/5.0 (Windows NT 6.1; WOW64) AppleWebKit/537.36 (KHTML, like Gecko) Chrome/44.0.2403.157 Safari/537.36"
10.10.14.183 - - [03/Sep/2015:10:29:30 -0500] "GET /~984667/hw1/recipe.css HTTP/1.1" 200 898 "http://mumstudents.org/~984667/hw1/pie.html" "Mozilla/5.0 (Windows NT 6.1; WOW64) AppleWebKit/537.36 (KHTML, like Gecko) Chrome/44.0.2403.157 Safari/537.36"
10.10.14.183 - - [03/Sep/2015:10:29:30 -0500] "GET /cs472/2013-09/images/w3c-html.png HTTP/1.1" 200 6323 "http://mumstudents.org/~984667/hw1/pie.html" "Mozilla/5.0 (Windows NT 6.1; WOW64) AppleWebKit/537.36 (KHTML, like Gecko) Chrome/44.0.2403.157 Safari/537.36"
10.10.14.183 - - [03/Sep/2015:10:29:30 -0500] "GET /~984667/hw1/Images/pie_icon.gif HTTP/1.1" 200 436 "http://mumstudents.org/~984667/hw1/recipe.css" "Mozilla/5.0 (Windows NT 6.1; WOW64) AppleWebKit/537.36 (KHTML, like Gecko) Chrome/44.0.2403.157 Safari/537.36"
10.10.14.183 - - [03/Sep/2015:10:29:30 -0500] "GET /~984667/hw1/Images/silverware.jpg HTTP/1.1" 200 4627 "http://mumstudents.org/~984667/hw1/recipe.css" "Mozilla/5.0 (Windows NT 6.1; WOW64) AppleWebKit/537.36 (KHTML, like Gecko) Chrome/44.0.2403.157 Safari/537.36"
10.10.14.183 - - [03/Sep/2015:10:29:30 -0500] "GET /favicon.ico HTTP/1.1" 200 2537 "http://mumstudents.org/~984667/hw1/pie.html" "Mozilla/5.0 (Windows NT 6.1; WOW64) AppleWebKit/537.36 (KHTML, like Gecko) Chrome/44.0.2403.157 Safari/537.36"
10.10.14.183 - - [03/Sep/2015:10:29:30 -0500] "GET /~984667/hw1/pie.html HTTP/1.1" 200 2308 "http://mumstudents.org/~984667/" "Mozilla/5.0 (Windows NT 6.1; WOW64) AppleWebKit/537.36 (KHTML, like Gecko) Chrome/44.0.2403.157 Safari/537.36"
10.10.14.183 - - [03/Sep/2015:10:29:30 -0500] "GET /~984667/hw1/Images/pie.jpg HTTP/1.1" 200 36215 "http://mumstudents.org/~984667/hw1/pie.html" "Mozilla/5.0 (Windows NT 6.1; WOW64) AppleWebKit/537.36 (KHTML, like Gecko) Chrome/44.0.2403.157 Safari/537.36"
10.10.14.183 - - [03/Sep/2015:10:29:30 -0500] "GET /~984667/hw1/recipe.css HTTP/1.1" 200 898 "http://mumstudents.org/~984667/hw1/pie.html" "Mozilla/5.0 (Windows NT 6.1; WOW64) AppleWebKit/537.36 (KHTML, like Gecko) Chrome/44.0.2403.157 Safari/537.36"
10.10.14.183 - - [03/Sep/2015:10:29:30 -0500] "GET /cs472/2013-09/images/w3c-html.png HTTP/1.1" 200 6323 "http://mumstudents.org/~984667/hw1/pie.html" "Mozilla/5.0 (Windows NT 6.1; WOW64) AppleWebKit/537.36 (KHTML, like Gecko) Chrome/44.0.2403.157 Safari/537.36"
10.10.14.183 - - [03/Sep/2015:10:29:30 -0500] "GET /~984667/hw1/Images/silverware.jpg HTTP/1.1" 200 4627 "http://mumstudents.org/~984667/hw1/recipe.css" "Mozilla/5.0 (Windows NT 6.1; WOW64) AppleWebKit/537.36 (KHTML, like Gecko) Chrome/44.0.2403.157 Safari/537.36"
10.10.14.183 - - [03/Sep/2015:10:29:30 -0500] "GET /~984667/hw1/Images/pie_icon.gif HTTP/1.1" 200 436 "http://mumstudents.org/~984667/hw1/recipe.css" "Mozilla/5.0 (Windows NT 6.1; WOW64) AppleWebKit/537.36 (KHTML, like Gecko) Chrome/44.0.2403.157 Safari/537.36"
10.10.14.183 - - [03/Sep/2015:10:29:30 -0500] "GET /favicon.ico HTTP/1.1" 200 2537 "http://mumstudents.org/~984667/hw1/pie.html" "Mozilla/5.0 (Windows NT 6.1; WOW64) AppleWebKit/537.36 (KHTML, like Gecko) Chrome/44.0.2403.157 Safari/537.36"
128.30.52.70 - - [03/Sep/2015:10:29:33 -0500] "GET /~984667/hw1/pie.html HTTP/1.1" 200 2272 "-" "W3C_Validator/1.3 http://validator.w3.org/services"
128.30.52.71 - - [03/Sep/2015:10:29:34 -0500] "GET /~984667/hw1/pie.html HTTP/1.1" 200 2309 "-" "Validator.nu/LV http://validator.w3.org/services"
10.10.14.183 - - [03/Sep/2015:10:31:29 -0500] "GET /~984667/ HTTP/1.1" 200 660 "-" "Mozilla/5.0 (Windows NT 6.1; WOW64) AppleWebKit/537.36 (KHTML, like Gecko) Chrome/44.0.2403.157 Safari/537.36"
10.10.14.183 - - [03/Sep/2015:10:31:29 -0500] "GET /~984667/dheeraj.jpg HTTP/1.1" 200 25190 "http://mumstudents.org/~984667/" "Mozilla/5.0 (Windows NT 6.1; WOW64) AppleWebKit/537.36 (KHTML, like Gecko) Chrome/44.0.2403.157 Safari/537.36"
10.10.14.183 - - [03/Sep/2015:10:31:29 -0500] "GET /cs472/2013-09/images/w3c-html.png HTTP/1.1" 200 6323 "http://mumstudents.org/~984667/" "Mozilla/5.0 (Windows NT 6.1; WOW64) AppleWebKit/537.36 (KHTML, like Gecko) Chrome/44.0.2403.157 Safari/537.36"
10.10.14.183 - - [03/Sep/2015:10:31:29 -0500] "GET /favicon.ico HTTP/1.1" 200 2537 "http://mumstudents.org/~984667/" "Mozilla/5.0 (Windows NT 6.1; WOW64) AppleWebKit/537.36 (KHTML, like Gecko) Chrome/44.0.2403.157 Safari/537.36"
10.10.14.183 - - [03/Sep/2015:10:31:31 -0500] "GET /~984667/hw1/pie.html HTTP/1.1" 200 2348 "http://mumstudents.org/~984667/" "Mozilla/5.0 (Windows NT 6.1; WOW64) AppleWebKit/537.36 (KHTML, like Gecko) Chrome/44.0.2403.157 Safari/537.36"
10.10.14.183 - - [03/Sep/2015:10:31:31 -0500] "GET /~984667/hw1/recipe.css HTTP/1.1" 200 898 "http://mumstudents.org/~984667/hw1/pie.html" "Mozilla/5.0 (Windows NT 6.1; WOW64) AppleWebKit/537.36 (KHTML, like Gecko) Chrome/44.0.2403.157 Safari/537.36"
10.10.14.183 - - [03/Sep/2015:10:31:31 -0500] "GET /~984667/hw1/Images/pie.jpg HTTP/1.1" 200 36216 "http://mumstudents.org/~984667/hw1/pie.html" "Mozilla/5.0 (Windows NT 6.1; WOW64) AppleWebKit/537.36 (KHTML, like Gecko) Chrome/44.0.2403.157 Safari/537.36"
10.10.14.183 - - [03/Sep/2015:10:31:31 -0500] "GET /~984667/hw1/Images/silverware.jpg HTTP/1.1" 200 4627 "http://mumstudents.org/~984667/hw1/recipe.css" "Mozilla/5.0 (Windows NT 6.1; WOW64) AppleWebKit/537.36 (KHTML, like Gecko) Chrome/44.0.2403.157 Safari/537.36"
10.10.14.183 - - [03/Sep/2015:10:31:31 -0500] "GET /~984667/hw1/Images/pie_icon.gif HTTP/1.1" 200 436 "http://mumstudents.org/~984667/hw1/recipe.css" "Mozilla/5.0 (Windows NT 6.1; WOW64) AppleWebKit/537.36 (KHTML, like Gecko) Chrome/44.0.2403.157 Safari/537.36"
128.30.52.71 - - [03/Sep/2015:10:31:40 -0500] "GET /~984667/hw1/pie.html HTTP/1.1" 200 2312 "-" "W3C_Validator/1.3 http://validator.w3.org/services"
128.30.52.96 - - [03/Sep/2015:10:31:41 -0500] "GET /~984667/hw1/pie.html HTTP/1.1" 200 2349 "-" "Validator.nu/LV http://validator.w3.org/services"
10.10.14.183 - - [03/Sep/2015:10:32:49 -0500] "GET /~984667/hw1/pie.html HTTP/1.1" 200 2349 "http://mumstudents.org/~984667/" "Mozilla/5.0 (Windows NT 6.1; WOW64) AppleWebKit/537.36 (KHTML, like Gecko) Chrome/44.0.2403.157 Safari/537.36"
10.10.14.183 - - [03/Sep/2015:10:32:49 -0500] "GET /~984667/hw1/recipe.css HTTP/1.1" 200 898 "http://mumstudents.org/~984667/hw1/pie.html" "Mozilla/5.0 (Windows NT 6.1; WOW64) AppleWebKit/537.36 (KHTML, like Gecko) Chrome/44.0.2403.157 Safari/537.36"
10.10.14.183 - - [03/Sep/2015:10:32:49 -0500] "GET /~984667/hw1/Images/pie.jpg HTTP/1.1" 200 36216 "http://mumstudents.org/~984667/hw1/pie.html" "Mozilla/5.0 (Windows NT 6.1; WOW64) AppleWebKit/537.36 (KHTML, like Gecko) Chrome/44.0.2403.157 Safari/537.36"
10.10.14.183 - - [03/Sep/2015:10:32:49 -0500] "GET /cs472/2013-09/images/w3c-html.png HTTP/1.1" 200 6323 "http://mumstudents.org/~984667/hw1/pie.html" "Mozilla/5.0 (Windows NT 6.1; WOW64) AppleWebKit/537.36 (KHTML, like Gecko) Chrome/44.0.2403.157 Safari/537.36"
10.10.14.183 - - [03/Sep/2015:10:32:49 -0500] "GET /~984667/hw1/Images/silverware.jpg HTTP/1.1" 200 4628 "http://mumstudents.org/~984667/hw1/recipe.css" "Mozilla/5.0 (Windows NT 6.1; WOW64) AppleWebKit/537.36 (KHTML, like Gecko) Chrome/44.0.2403.157 Safari/537.36"
10.10.14.183 - - [03/Sep/2015:10:32:49 -0500] "GET /~984667/hw1/Images/pie_icon.gif HTTP/1.1" 200 437 "http://mumstudents.org/~984667/hw1/recipe.css" "Mozilla/5.0 (Windows NT 6.1; WOW64) AppleWebKit/537.36 (KHTML, like Gecko) Chrome/44.0.2403.157 Safari/537.36"
10.10.14.183 - - [03/Sep/2015:10:32:49 -0500] "GET /favicon.ico HTTP/1.1" 200 2537 "http://mumstudents.org/~984667/hw1/pie.html" "Mozilla/5.0 (Windows NT 6.1; WOW64) AppleWebKit/537.36 (KHTML, like Gecko) Chrome/44.0.2403.157 Safari/537.36"
10.10.14.183 - - [03/Sep/2015:10:32:49 -0500] "GET /~984667/hw1/pie.html HTTP/1.1" 200 2348 "http://mumstudents.org/~984667/" "Mozilla/5.0 (Windows NT 6.1; WOW64) AppleWebKit/537.36 (KHTML, like Gecko) Chrome/44.0.2403.157 Safari/537.36"
10.10.14.183 - - [03/Sep/2015:10:32:49 -0500] "GET /~984667/hw1/recipe.css HTTP/1.1" 200 898 "http://mumstudents.org/~984667/hw1/pie.html" "Mozilla/5.0 (Windows NT 6.1; WOW64) AppleWebKit/537.36 (KHTML, like Gecko) Chrome/44.0.2403.157 Safari/537.36"
10.10.14.183 - - [03/Sep/2015:10:32:49 -0500] "GET /~984667/hw1/Images/pie.jpg HTTP/1.1" 200 36215 "http://mumstudents.org/~984667/hw1/pie.html" "Mozilla/5.0 (Windows NT 6.1; WOW64) AppleWebKit/537.36 (KHTML, like Gecko) Chrome/44.0.2403.157 Safari/537.36"
10.10.14.183 - - [03/Sep/2015:10:32:49 -0500] "GET /cs472/2013-09/images/w3c-html.png HTTP/1.1" 200 6323 "http://mumstudents.org/~984667/hw1/pie.html" "Mozilla/5.0 (Windows NT 6.1; WOW64) AppleWebKit/537.36 (KHTML, like Gecko) Chrome/44.0.2403.157 Safari/537.36"
10.10.14.183 - - [03/Sep/2015:10:32:49 -0500] "GET /~984667/hw1/Images/silverware.jpg HTTP/1.1" 200 4627 "http://mumstudents.org/~984667/hw1/recipe.css" "Mozilla/5.0 (Windows NT 6.1; WOW64) AppleWebKit/537.36 (KHTML, like Gecko) Chrome/44.0.2403.157 Safari/537.36"
10.10.14.183 - - [03/Sep/2015:10:32:49 -0500] "GET /~984667/hw1/Images/pie_icon.gif HTTP/1.1" 200 436 "http://mumstudents.org/~984667/hw1/recipe.css" "Mozilla/5.0 (Windows NT 6.1; WOW64) AppleWebKit/537.36 (KHTML, like Gecko) Chrome/44.0.2403.157 Safari/537.36"
10.10.14.183 - - [03/Sep/2015:10:32:49 -0500] "GET /favicon.ico HTTP/1.1" 200 2537 "http://mumstudents.org/~984667/hw1/pie.html" "Mozilla/5.0 (Windows NT 6.1; WOW64) AppleWebKit/537.36 (KHTML, like Gecko) Chrome/44.0.2403.157 Safari/537.36"
128.30.52.96 - - [03/Sep/2015:10:32:52 -0500] "GET /~984667/hw1/pie.html HTTP/1.1" 200 2312 "-" "W3C_Validator/1.3 http://validator.w3.org/services"
128.30.52.73 - - [03/Sep/2015:10:32:54 -0500] "GET /~984667/hw1/pie.html HTTP/1.1" 200 2349 "-" "Validator.nu/LV http://validator.w3.org/services"
10.10.14.183 - - [03/Sep/2015:10:33:46 -0500] "GET /~984667/ HTTP/1.1" 200 660 "-" "Mozilla/5.0 (Windows NT 6.1; WOW64) AppleWebKit/537.36 (KHTML, like Gecko) Chrome/44.0.2403.157 Safari/537.36"
10.10.14.183 - - [03/Sep/2015:10:33:46 -0500] "GET /~984667/dheeraj.jpg HTTP/1.1" 200 25190 "http://mumstudents.org/~984667/" "Mozilla/5.0 (Windows NT 6.1; WOW64) AppleWebKit/537.36 (KHTML, like Gecko) Chrome/44.0.2403.157 Safari/537.36"
10.10.14.183 - - [03/Sep/2015:10:33:46 -0500] "GET /cs472/2013-09/images/w3c-html.png HTTP/1.1" 200 6324 "http://mumstudents.org/~984667/" "Mozilla/5.0 (Windows NT 6.1; WOW64) AppleWebKit/537.36 (KHTML, like Gecko) Chrome/44.0.2403.157 Safari/537.36"
10.10.14.183 - - [03/Sep/2015:10:33:46 -0500] "GET /favicon.ico HTTP/1.1" 200 2537 "http://mumstudents.org/~984667/" "Mozilla/5.0 (Windows NT 6.1; WOW64) AppleWebKit/537.36 (KHTML, like Gecko) Chrome/44.0.2403.157 Safari/537.36"
10.10.14.183 - - [03/Sep/2015:10:33:46 -0500] "GET /~984667/ HTTP/1.1" 200 659 "-" "Mozilla/5.0 (Windows NT 6.1; WOW64) AppleWebKit/537.36 (KHTML, like Gecko) Chrome/44.0.2403.157 Safari/537.36"
10.10.14.183 - - [03/Sep/2015:10:33:46 -0500] "GET /cs472/2013-09/images/w3c-html.png HTTP/1.1" 200 6323 "http://mumstudents.org/~984667/" "Mozilla/5.0 (Windows NT 6.1; WOW64) AppleWebKit/537.36 (KHTML, like Gecko) Chrome/44.0.2403.157 Safari/537.36"
10.10.14.183 - - [03/Sep/2015:10:33:46 -0500] "GET /~984667/dheeraj.jpg HTTP/1.1" 200 25190 "http://mumstudents.org/~984667/" "Mozilla/5.0 (Windows NT 6.1; WOW64) AppleWebKit/537.36 (KHTML, like Gecko) Chrome/44.0.2403.157 Safari/537.36"
10.10.14.183 - - [03/Sep/2015:10:33:46 -0500] "GET /favicon.ico HTTP/1.1" 200 2537 "http://mumstudents.org/~984667/" "Mozilla/5.0 (Windows NT 6.1; WOW64) AppleWebKit/537.36 (KHTML, like Gecko) Chrome/44.0.2403.157 Safari/537.36"
10.10.14.183 - - [03/Sep/2015:10:33:48 -0500] "GET /~984667/hw1/pie.html HTTP/1.1" 200 2351 "http://mumstudents.org/~984667/" "Mozilla/5.0 (Windows NT 6.1; WOW64) AppleWebKit/537.36 (KHTML, like Gecko) Chrome/44.0.2403.157 Safari/537.36"
10.10.14.183 - - [03/Sep/2015:10:33:48 -0500] "GET /~984667/hw1/recipe.css HTTP/1.1" 200 898 "http://mumstudents.org/~984667/hw1/pie.html" "Mozilla/5.0 (Windows NT 6.1; WOW64) AppleWebKit/537.36 (KHTML, like Gecko) Chrome/44.0.2403.157 Safari/537.36"
10.10.14.183 - - [03/Sep/2015:10:33:48 -0500] "GET /~984667/hw1/Images/pie.jpg HTTP/1.1" 200 36215 "http://mumstudents.org/~984667/hw1/pie.html" "Mozilla/5.0 (Windows NT 6.1; WOW64) AppleWebKit/537.36 (KHTML, like Gecko) Chrome/44.0.2403.157 Safari/537.36"
10.10.14.183 - - [03/Sep/2015:10:33:48 -0500] "GET /~984667/hw1/Images/silverware.jpg HTTP/1.1" 200 4627 "http://mumstudents.org/~984667/hw1/pie.html" "Mozilla/5.0 (Windows NT 6.1; WOW64) AppleWebKit/537.36 (KHTML, like Gecko) Chrome/44.0.2403.157 Safari/537.36"
10.10.14.183 - - [03/Sep/2015:10:33:48 -0500] "GET /~984667/hw1/Images/pie_icon.gif HTTP/1.1" 200 436 "http://mumstudents.org/~984667/hw1/pie.html" "Mozilla/5.0 (Windows NT 6.1; WOW64) AppleWebKit/537.36 (KHTML, like Gecko) Chrome/44.0.2403.157 Safari/537.36"
128.30.52.70 - - [03/Sep/2015:10:34:05 -0500] "GET /~984667/hw1/pie.html HTTP/1.1" 200 2315 "-" "W3C_Validator/1.3 http://validator.w3.org/services"
128.30.52.96 - - [03/Sep/2015:10:34:27 -0500] "GET /~984667/hw1/pie.html HTTP/1.1" 200 2352 "-" "Validator.nu/LV http://validator.w3.org/services"
10.10.14.183 - - [03/Sep/2015:10:35:23 -0500] "GET /~984667/hw1/pie.html HTTP/1.1" 200 2352 "http://mumstudents.org/~984667/" "Mozilla/5.0 (Windows NT 6.1; WOW64) AppleWebKit/537.36 (KHTML, like Gecko) Chrome/44.0.2403.157 Safari/537.36"
10.10.14.183 - - [03/Sep/2015:10:35:23 -0500] "GET /~984667/hw1/recipe.css HTTP/1.1" 200 898 "http://mumstudents.org/~984667/hw1/pie.html" "Mozilla/5.0 (Windows NT 6.1; WOW64) AppleWebKit/537.36 (KHTML, like Gecko) Chrome/44.0.2403.157 Safari/537.36"
10.10.14.183 - - [03/Sep/2015:10:35:23 -0500] "GET /~984667/hw1/Images/pie.jpg HTTP/1.1" 200 36216 "http://mumstudents.org/~984667/hw1/pie.html" "Mozilla/5.0 (Windows NT 6.1; WOW64) AppleWebKit/537.36 (KHTML, like Gecko) Chrome/44.0.2403.157 Safari/537.36"
10.10.14.183 - - [03/Sep/2015:10:35:23 -0500] "GET /cs472/2013-09/images/w3c-html.png HTTP/1.1" 304 180 "http://mumstudents.org/~984667/hw1/pie.html" "Mozilla/5.0 (Windows NT 6.1; WOW64) AppleWebKit/537.36 (KHTML, like Gecko) Chrome/44.0.2403.157 Safari/537.36"
10.10.14.183 - - [03/Sep/2015:10:35:23 -0500] "GET /~984667/hw1/Images/silverware.jpg HTTP/1.1" 200 4628 "http://mumstudents.org/~984667/hw1/pie.html" "Mozilla/5.0 (Windows NT 6.1; WOW64) AppleWebKit/537.36 (KHTML, like Gecko) Chrome/44.0.2403.157 Safari/537.36"
10.10.14.183 - - [03/Sep/2015:10:35:23 -0500] "GET /~984667/hw1/Images/pie_icon.gif HTTP/1.1" 200 437 "http://mumstudents.org/~984667/hw1/pie.html" "Mozilla/5.0 (Windows NT 6.1; WOW64) AppleWebKit/537.36 (KHTML, like Gecko) Chrome/44.0.2403.157 Safari/537.36"
10.10.14.183 - - [03/Sep/2015:10:35:25 -0500] "GET /~984667/hw1/pie.html HTTP/1.1" 200 2351 "-" "Mozilla/5.0 (Windows NT 6.1; WOW64) AppleWebKit/537.36 (KHTML, like Gecko) Chrome/44.0.2403.157 Safari/537.36"
10.10.14.183 - - [03/Sep/2015:10:35:25 -0500] "GET /~984667/hw1/recipe.css HTTP/1.1" 200 898 "http://mumstudents.org/~984667/hw1/pie.html" "Mozilla/5.0 (Windows NT 6.1; WOW64) AppleWebKit/537.36 (KHTML, like Gecko) Chrome/44.0.2403.157 Safari/537.36"
10.10.14.183 - - [03/Sep/2015:10:35:25 -0500] "GET /~984667/hw1/Images/pie.jpg HTTP/1.1" 304 180 "http://mumstudents.org/~984667/hw1/pie.html" "Mozilla/5.0 (Windows NT 6.1; WOW64) AppleWebKit/537.36 (KHTML, like Gecko) Chrome/44.0.2403.157 Safari/537.36"
10.10.14.183 - - [03/Sep/2015:10:35:25 -0500] "GET /~984667/hw1/Images/silverware.jpg HTTP/1.1" 304 180 "http://mumstudents.org/~984667/hw1/pie.html" "Mozilla/5.0 (Windows NT 6.1; WOW64) AppleWebKit/537.36 (KHTML, like Gecko) Chrome/44.0.2403.157 Safari/537.36"
10.10.14.183 - - [03/Sep/2015:10:35:25 -0500] "GET /~984667/hw1/Images/pie_icon.gif HTTP/1.1" 304 178 "http://mumstudents.org/~984667/hw1/pie.html" "Mozilla/5.0 (Windows NT 6.1; WOW64) AppleWebKit/537.36 (KHTML, like Gecko) Chrome/44.0.2403.157 Safari/537.36"
10.10.14.183 - - [03/Sep/2015:10:35:30 -0500] "GET /favicon.ico HTTP/1.1" 200 2537 "http://mumstudents.org/~984667/hw1/pie.html" "Mozilla/5.0 (Windows NT 6.1; WOW64) AppleWebKit/537.36 (KHTML, like Gecko) Chrome/44.0.2403.157 Safari/537.36"
128.30.52.71 - - [03/Sep/2015:10:35:33 -0500] "GET /~984667/hw1/pie.html HTTP/1.1" 200 2315 "-" "W3C_Validator/1.3 http://validator.w3.org/services"
128.30.52.71 - - [03/Sep/2015:10:36:02 -0500] "GET /~984667/hw1/pie.html HTTP/1.1" 200 2352 "-" "Validator.nu/LV http://validator.w3.org/services"
10.10.14.183 - - [03/Sep/2015:10:36:04 -0500] "GET /~984667/hw1/pie.html HTTP/1.1" 200 2352 "-" "Mozilla/5.0 (Windows NT 6.1; WOW64) AppleWebKit/537.36 (KHTML, like Gecko) Chrome/44.0.2403.157 Safari/537.36"
10.10.14.183 - - [03/Sep/2015:10:36:04 -0500] "GET /~984667/hw1/recipe.css HTTP/1.1" 200 898 "http://mumstudents.org/~984667/hw1/pie.html" "Mozilla/5.0 (Windows NT 6.1; WOW64) AppleWebKit/537.36 (KHTML, like Gecko) Chrome/44.0.2403.157 Safari/537.36"
10.10.14.183 - - [03/Sep/2015:10:36:04 -0500] "GET /~984667/hw1/Images/pie.jpg HTTP/1.1" 304 180 "http://mumstudents.org/~984667/hw1/pie.html" "Mozilla/5.0 (Windows NT 6.1; WOW64) AppleWebKit/537.36 (KHTML, like Gecko) Chrome/44.0.2403.157 Safari/537.36"
10.10.14.183 - - [03/Sep/2015:10:36:04 -0500] "GET /~984667/hw1/Images/pie_icon.gif HTTP/1.1" 304 179 "http://mumstudents.org/~984667/hw1/pie.html" "Mozilla/5.0 (Windows NT 6.1; WOW64) AppleWebKit/537.36 (KHTML, like Gecko) Chrome/44.0.2403.157 Safari/537.36"
10.10.14.183 - - [03/Sep/2015:10:36:04 -0500] "GET /~984667/hw1/Images/silverware.jpg HTTP/1.1" 304 180 "http://mumstudents.org/~984667/hw1/pie.html" "Mozilla/5.0 (Windows NT 6.1; WOW64) AppleWebKit/537.36 (KHTML, like Gecko) Chrome/44.0.2403.157 Safari/537.36"
128.30.52.73 - - [03/Sep/2015:10:36:14 -0500] "GET /~984667/hw1/pie.html HTTP/1.1" 200 2315 "-" "W3C_Validator/1.3 http://validator.w3.org/services"
128.30.52.96 - - [03/Sep/2015:10:36:15 -0500] "GET /~984667/hw1/pie.html HTTP/1.1" 200 2352 "-" "Validator.nu/LV http://validator.w3.org/services"
128.30.52.66 - - [03/Sep/2015:10:36:29 -0500] "GET /~984667/hw1/pie.html HTTP/1.1" 200 6714 "-" "Jigsaw/2.3.0 W3C_CSS_Validator_JFouffa/2.0 (See <http://validator.w3.org/services>)"
128.30.52.66 - - [03/Sep/2015:10:36:29 -0500] "GET /~984667/hw1/recipe.css HTTP/1.1" 200 1375 "http://mumstudents.org/~984667/hw1/pie.html" "Jigsaw/2.3.0 W3C_CSS_Validator_JFouffa/2.0 (See <http://validator.w3.org/services>)"
10.10.14.183 - - [03/Sep/2015:10:36:39 -0500] "GET /~984667/hw1/pie.html HTTP/1.1" 200 2352 "http://mumstudents.org/~984667/" "Mozilla/5.0 (Windows NT 6.1; WOW64) AppleWebKit/537.36 (KHTML, like Gecko) Chrome/44.0.2403.157 Safari/537.36"
10.10.14.183 - - [03/Sep/2015:10:36:39 -0500] "GET /~984667/hw1/recipe.css HTTP/1.1" 200 898 "http://mumstudents.org/~984667/hw1/pie.html" "Mozilla/5.0 (Windows NT 6.1; WOW64) AppleWebKit/537.36 (KHTML, like Gecko) Chrome/44.0.2403.157 Safari/537.36"
10.10.14.183 - - [03/Sep/2015:10:36:39 -0500] "GET /~984667/hw1/Images/pie.jpg HTTP/1.1" 304 180 "http://mumstudents.org/~984667/hw1/pie.html" "Mozilla/5.0 (Windows NT 6.1; WOW64) AppleWebKit/537.36 (KHTML, like Gecko) Chrome/44.0.2403.157 Safari/537.36"
10.10.14.183 - - [03/Sep/2015:10:36:39 -0500] "GET /~984667/hw1/Images/silverware.jpg HTTP/1.1" 304 181 "http://mumstudents.org/~984667/hw1/pie.html" "Mozilla/5.0 (Windows NT 6.1; WOW64) AppleWebKit/537.36 (KHTML, like Gecko) Chrome/44.0.2403.157 Safari/537.36"
10.10.14.183 - - [03/Sep/2015:10:36:39 -0500] "GET /~984667/hw1/Images/pie_icon.gif HTTP/1.1" 304 178 "http://mumstudents.org/~984667/hw1/pie.html" "Mozilla/5.0 (Windows NT 6.1; WOW64) AppleWebKit/537.36 (KHTML, like Gecko) Chrome/44.0.2403.157 Safari/537.36"
128.30.52.70 - - [03/Sep/2015:10:37:06 -0500] "GET /~984667/hw1/pie.html HTTP/1.1" 200 2315 "-" "W3C_Validator/1.3 http://validator.w3.org/services"
128.30.52.71 - - [03/Sep/2015:10:37:07 -0500] "GET /~984667/hw1/pie.html HTTP/1.1" 200 2352 "-" "Validator.nu/LV http://validator.w3.org/services"
10.10.14.183 - - [03/Sep/2015:10:41:03 -0500] "GET /~984667/hw1/pie.html HTTP/1.1" 200 2353 "http://mumstudents.org/~984667/" "Mozilla/5.0 (Windows NT 6.1; WOW64) AppleWebKit/537.36 (KHTML, like Gecko) Chrome/44.0.2403.157 Safari/537.36"
10.10.14.183 - - [03/Sep/2015:10:41:03 -0500] "GET /~984667/hw1/recipe.css HTTP/1.1" 200 898 "http://mumstudents.org/~984667/hw1/pie.html" "Mozilla/5.0 (Windows NT 6.1; WOW64) AppleWebKit/537.36 (KHTML, like Gecko) Chrome/44.0.2403.157 Safari/537.36"
10.10.14.183 - - [03/Sep/2015:10:41:03 -0500] "GET /~984667/hw1/Images/pie.jpg HTTP/1.1" 200 36216 "http://mumstudents.org/~984667/hw1/pie.html" "Mozilla/5.0 (Windows NT 6.1; WOW64) AppleWebKit/537.36 (KHTML, like Gecko) Chrome/44.0.2403.157 Safari/537.36"
10.10.14.183 - - [03/Sep/2015:10:41:03 -0500] "GET /cs472/2013-09/images/w3c-html.png HTTP/1.1" 304 180 "http://mumstudents.org/~984667/hw1/pie.html" "Mozilla/5.0 (Windows NT 6.1; WOW64) AppleWebKit/537.36 (KHTML, like Gecko) Chrome/44.0.2403.157 Safari/537.36"
10.10.14.183 - - [03/Sep/2015:10:41:03 -0500] "GET /~984667/hw1/Images/silverware.jpg HTTP/1.1" 200 4627 "http://mumstudents.org/~984667/hw1/pie.html" "Mozilla/5.0 (Windows NT 6.1; WOW64) AppleWebKit/537.36 (KHTML, like Gecko) Chrome/44.0.2403.157 Safari/537.36"
10.10.14.183 - - [03/Sep/2015:10:41:03 -0500] "GET /~984667/hw1/Images/pie_icon.gif HTTP/1.1" 200 436 "http://mumstudents.org/~984667/hw1/pie.html" "Mozilla/5.0 (Windows NT 6.1; WOW64) AppleWebKit/537.36 (KHTML, like Gecko) Chrome/44.0.2403.157 Safari/537.36"
10.10.14.183 - - [03/Sep/2015:10:41:04 -0500] "GET /favicon.ico HTTP/1.1" 200 2537 "http://mumstudents.org/~984667/hw1/pie.html" "Mozilla/5.0 (Windows NT 6.1; WOW64) AppleWebKit/537.36 (KHTML, like Gecko) Chrome/44.0.2403.157 Safari/537.36"
10.10.14.183 - - [03/Sep/2015:10:41:04 -0500] "GET /~984667/hw1/pie.html HTTP/1.1" 200 2352 "http://mumstudents.org/~984667/" "Mozilla/5.0 (Windows NT 6.1; WOW64) AppleWebKit/537.36 (KHTML, like Gecko) Chrome/44.0.2403.157 Safari/537.36"
10.10.14.183 - - [03/Sep/2015:10:41:04 -0500] "GET /~984667/hw1/Images/pie.jpg HTTP/1.1" 304 180 "http://mumstudents.org/~984667/hw1/pie.html" "Mozilla/5.0 (Windows NT 6.1; WOW64) AppleWebKit/537.36 (KHTML, like Gecko) Chrome/44.0.2403.157 Safari/537.36"
10.10.14.183 - - [03/Sep/2015:10:41:04 -0500] "GET /~984667/hw1/recipe.css HTTP/1.1" 200 898 "http://mumstudents.org/~984667/hw1/pie.html" "Mozilla/5.0 (Windows NT 6.1; WOW64) AppleWebKit/537.36 (KHTML, like Gecko) Chrome/44.0.2403.157 Safari/537.36"
10.10.14.183 - - [03/Sep/2015:10:41:04 -0500] "GET /cs472/2013-09/images/w3c-html.png HTTP/1.1" 304 180 "http://mumstudents.org/~984667/hw1/pie.html" "Mozilla/5.0 (Windows NT 6.1; WOW64) AppleWebKit/537.36 (KHTML, like Gecko) Chrome/44.0.2403.157 Safari/537.36"
10.10.14.183 - - [03/Sep/2015:10:41:04 -0500] "GET /~984667/hw1/Images/silverware.jpg HTTP/1.1" 304 180 "http://mumstudents.org/~984667/hw1/pie.html" "Mozilla/5.0 (Windows NT 6.1; WOW64) AppleWebKit/537.36 (KHTML, like Gecko) Chrome/44.0.2403.157 Safari/537.36"
10.10.14.183 - - [03/Sep/2015:10:41:04 -0500] "GET /~984667/hw1/Images/pie_icon.gif HTTP/1.1" 304 178 "http://mumstudents.org/~984667/hw1/pie.html" "Mozilla/5.0 (Windows NT 6.1; WOW64) AppleWebKit/537.36 (KHTML, like Gecko) Chrome/44.0.2403.157 Safari/537.36"
10.10.14.183 - - [03/Sep/2015:10:41:06 -0500] "GET /~984667/hw1/pie.html HTTP/1.1" 200 2352 "-" "Mozilla/5.0 (Windows NT 6.1; WOW64) AppleWebKit/537.36 (KHTML, like Gecko) Chrome/44.0.2403.157 Safari/537.36"
10.10.14.183 - - [03/Sep/2015:10:41:06 -0500] "GET /~984667/hw1/Images/pie.jpg HTTP/1.1" 304 180 "http://mumstudents.org/~984667/hw1/pie.html" "Mozilla/5.0 (Windows NT 6.1; WOW64) AppleWebKit/537.36 (KHTML, like Gecko) Chrome/44.0.2403.157 Safari/537.36"
10.10.14.183 - - [03/Sep/2015:10:41:06 -0500] "GET /~984667/hw1/recipe.css HTTP/1.1" 200 898 "http://mumstudents.org/~984667/hw1/pie.html" "Mozilla/5.0 (Windows NT 6.1; WOW64) AppleWebKit/537.36 (KHTML, like Gecko) Chrome/44.0.2403.157 Safari/537.36"
10.10.14.183 - - [03/Sep/2015:10:41:06 -0500] "GET /~984667/hw1/Images/pie_icon.gif HTTP/1.1" 304 178 "http://mumstudents.org/~984667/hw1/pie.html" "Mozilla/5.0 (Windows NT 6.1; WOW64) AppleWebKit/537.36 (KHTML, like Gecko) Chrome/44.0.2403.157 Safari/537.36"
10.10.14.183 - - [03/Sep/2015:10:41:06 -0500] "GET /~984667/hw1/Images/silverware.jpg HTTP/1.1" 304 180 "http://mumstudents.org/~984667/hw1/pie.html" "Mozilla/5.0 (Windows NT 6.1; WOW64) AppleWebKit/537.36 (KHTML, like Gecko) Chrome/44.0.2403.157 Safari/537.36"
10.10.14.183 - - [03/Sep/2015:10:41:07 -0500] "GET /favicon.ico HTTP/1.1" 200 2537 "http://mumstudents.org/~984667/hw1/pie.html" "Mozilla/5.0 (Windows NT 6.1; WOW64) AppleWebKit/537.36 (KHTML, like Gecko) Chrome/44.0.2403.157 Safari/537.36"
10.10.14.183 - - [03/Sep/2015:10:41:08 -0500] "GET /~984667/hw1/recipe.css HTTP/1.1" 200 898 "http://mumstudents.org/~984667/hw1/pie.html" "Mozilla/5.0 (Windows NT 6.1; WOW64) AppleWebKit/537.36 (KHTML, like Gecko) Chrome/44.0.2403.157 Safari/537.36"
128.30.52.73 - - [03/Sep/2015:10:41:17 -0500] "GET /~984667/hw1/pie.html HTTP/1.1" 200 2316 "-" "W3C_Validator/1.3 http://validator.w3.org/services"
128.30.52.71 - - [03/Sep/2015:10:41:22 -0500] "GET /~984667/hw1/pie.html HTTP/1.1" 200 2353 "-" "Validator.nu/LV http://validator.w3.org/services"
10.10.14.183 - - [03/Sep/2015:10:56:53 -0500] "GET /~984667/hw1/pie.html HTTP/1.1" 200 2353 "http://mumstudents.org/~984667/" "Mozilla/5.0 (Windows NT 6.1; WOW64) AppleWebKit/537.36 (KHTML, like Gecko) Chrome/44.0.2403.157 Safari/537.36"
10.10.14.183 - - [03/Sep/2015:10:56:53 -0500] "GET /~984667/hw1/Images/pie.jpg HTTP/1.1" 304 181 "http://mumstudents.org/~984667/hw1/pie.html" "Mozilla/5.0 (Windows NT 6.1; WOW64) AppleWebKit/537.36 (KHTML, like Gecko) Chrome/44.0.2403.157 Safari/537.36"
10.10.14.183 - - [03/Sep/2015:10:56:53 -0500] "GET /~984667/hw1/recipe.css HTTP/1.1" 200 898 "http://mumstudents.org/~984667/hw1/pie.html" "Mozilla/5.0 (Windows NT 6.1; WOW64) AppleWebKit/537.36 (KHTML, like Gecko) Chrome/44.0.2403.157 Safari/537.36"
10.10.14.183 - - [03/Sep/2015:10:56:53 -0500] "GET /~984667/hw1/Images/pie_icon.gif HTTP/1.1" 304 178 "http://mumstudents.org/~984667/hw1/recipe.css" "Mozilla/5.0 (Windows NT 6.1; WOW64) AppleWebKit/537.36 (KHTML, like Gecko) Chrome/44.0.2403.157 Safari/537.36"
10.10.14.183 - - [03/Sep/2015:10:56:53 -0500] "GET /~984667/hw1/Images/silverware.jpg HTTP/1.1" 304 180 "http://mumstudents.org/~984667/hw1/recipe.css" "Mozilla/5.0 (Windows NT 6.1; WOW64) AppleWebKit/537.36 (KHTML, like Gecko) Chrome/44.0.2403.157 Safari/537.36"
10.10.14.183 - - [03/Sep/2015:10:56:58 -0500] "GET /~984667/lab1/index HTTP/1.1" 200 1502 "http://mumstudents.org/~984667/" "Mozilla/5.0 (Windows NT 6.1; WOW64) AppleWebKit/537.36 (KHTML, like Gecko) Chrome/44.0.2403.157 Safari/537.36"
10.10.14.183 - - [03/Sep/2015:10:56:58 -0500] "GET /~984667/lab1/styleme.css HTTP/1.1" 200 605 "http://mumstudents.org/~984667/lab1/index" "Mozilla/5.0 (Windows NT 6.1; WOW64) AppleWebKit/537.36 (KHTML, like Gecko) Chrome/44.0.2403.157 Safari/537.36"
10.10.14.183 - - [03/Sep/2015:10:56:58 -0500] "GET /~984667/lab1/happy.jpg HTTP/1.1" 304 181 "http://mumstudents.org/~984667/lab1/index" "Mozilla/5.0 (Windows NT 6.1; WOW64) AppleWebKit/537.36 (KHTML, like Gecko) Chrome/44.0.2403.157 Safari/537.36"
10.10.14.183 - - [03/Sep/2015:10:56:58 -0500] "GET /~984667/lab1/Angry.jpg HTTP/1.1" 304 180 "http://mumstudents.org/~984667/lab1/index" "Mozilla/5.0 (Windows NT 6.1; WOW64) AppleWebKit/537.36 (KHTML, like Gecko) Chrome/44.0.2403.157 Safari/537.36"
10.10.14.200 - - [03/Sep/2015:14:23:57 -0500] "GET /~984667/hw1/pie.html HTTP/1.1" 200 2353 "-" "Mozilla/5.0 (Windows NT 10.0; WOW64) AppleWebKit/537.36 (KHTML, like Gecko) Chrome/44.0.2403.157 Safari/537.36"
10.10.14.200 - - [03/Sep/2015:14:23:57 -0500] "GET /~984667/hw1/recipe.css HTTP/1.1" 200 898 "http://mumstudents.org/~984667/hw1/pie.html" "Mozilla/5.0 (Windows NT 10.0; WOW64) AppleWebKit/537.36 (KHTML, like Gecko) Chrome/44.0.2403.157 Safari/537.36"
10.10.14.200 - - [03/Sep/2015:14:23:58 -0500] "GET /~984667/hw1/Images/silverware.jpg HTTP/1.1" 200 4628 "http://mumstudents.org/~984667/hw1/recipe.css" "Mozilla/5.0 (Windows NT 10.0; WOW64) AppleWebKit/537.36 (KHTML, like Gecko) Chrome/44.0.2403.157 Safari/537.36"
10.10.14.200 - - [03/Sep/2015:14:23:58 -0500] "GET /~984667/hw1/Images/pie_icon.gif HTTP/1.1" 200 437 "http://mumstudents.org/~984667/hw1/recipe.css" "Mozilla/5.0 (Windows NT 10.0; WOW64) AppleWebKit/537.36 (KHTML, like Gecko) Chrome/44.0.2403.157 Safari/537.36"
10.10.14.200 - - [03/Sep/2015:14:23:58 -0500] "GET /~984667/hw1/Images/pie.jpg HTTP/1.1" 200 36215 "http://mumstudents.org/~984667/hw1/pie.html" "Mozilla/5.0 (Windows NT 10.0; WOW64) AppleWebKit/537.36 (KHTML, like Gecko) Chrome/44.0.2403.157 Safari/537.36"
128.30.52.95 - - [03/Sep/2015:14:24:01 -0500] "GET /~984667/hw1/pie.html HTTP/1.1" 200 6618 "-" "Jigsaw/2.3.0 W3C_CSS_Validator_JFouffa/2.0 (See <http://validator.w3.org/services>)"
128.30.52.95 - - [03/Sep/2015:14:24:01 -0500] "GET /~984667/hw1/recipe.css HTTP/1.1" 200 1375 "http://mumstudents.org/~984667/hw1/pie.html" "Jigsaw/2.3.0 W3C_CSS_Validator_JFouffa/2.0 (See <http://validator.w3.org/services>)"
128.30.52.70 - - [03/Sep/2015:14:24:01 -0500] "GET /~984667/hw1/pie.html HTTP/1.1" 200 2316 "-" "W3C_Validator/1.3 http://validator.w3.org/services"
128.30.52.70 - - [03/Sep/2015:14:24:02 -0500] "GET /~984667/hw1/pie.html HTTP/1.1" 200 2353 "-" "Validator.nu/LV http://validator.w3.org/services"
10.10.33.2 - - [03/Sep/2015:18:00:42 -0500] "GET /~984667/ HTTP/1.1" 200 660 "-" "Mozilla/5.0 (Windows NT 10.0; WOW64) AppleWebKit/537.36 (KHTML, like Gecko) Chrome/45.0.2454.85 Safari/537.36"
10.10.33.2 - - [03/Sep/2015:18:00:42 -0500] "GET /~984667/dheeraj.jpg HTTP/1.1" 200 25190 "http://mumstudents.org/~984667/" "Mozilla/5.0 (Windows NT 10.0; WOW64) AppleWebKit/537.36 (KHTML, like Gecko) Chrome/45.0.2454.85 Safari/537.36"
10.10.33.2 - - [03/Sep/2015:18:00:44 -0500] "GET /~984667/hw1/pie.html HTTP/1.1" 200 2352 "http://mumstudents.org/~984667/" "Mozilla/5.0 (Windows NT 10.0; WOW64) AppleWebKit/537.36 (KHTML, like Gecko) Chrome/45.0.2454.85 Safari/537.36"
10.10.33.2 - - [03/Sep/2015:18:00:44 -0500] "GET /~984667/hw1/recipe.css HTTP/1.1" 200 898 "http://mumstudents.org/~984667/hw1/pie.html" "Mozilla/5.0 (Windows NT 10.0; WOW64) AppleWebKit/537.36 (KHTML, like Gecko) Chrome/45.0.2454.85 Safari/537.36"
10.10.33.2 - - [03/Sep/2015:18:00:44 -0500] "GET /~984667/hw1/Images/pie.jpg HTTP/1.1" 200 36215 "http://mumstudents.org/~984667/hw1/pie.html" "Mozilla/5.0 (Windows NT 10.0; WOW64) AppleWebKit/537.36 (KHTML, like Gecko) Chrome/45.0.2454.85 Safari/537.36"
10.10.33.2 - - [03/Sep/2015:18:00:44 -0500] "GET /~984667/hw1/Images/silverware.jpg HTTP/1.1" 200 4628 "http://mumstudents.org/~984667/hw1/recipe.css" "Mozilla/5.0 (Windows NT 10.0; WOW64) AppleWebKit/537.36 (KHTML, like Gecko) Chrome/45.0.2454.85 Safari/537.36"
10.10.33.2 - - [03/Sep/2015:18:00:44 -0500] "GET /~984667/hw1/Images/pie_icon.gif HTTP/1.1" 200 436 "http://mumstudents.org/~984667/hw1/recipe.css" "Mozilla/5.0 (Windows NT 10.0; WOW64) AppleWebKit/537.36 (KHTML, like Gecko) Chrome/45.0.2454.85 Safari/537.36"
128.30.52.71 - - [03/Sep/2015:18:00:52 -0500] "GET /~984667/hw1/pie.html HTTP/1.1" 200 2316 "-" "W3C_Validator/1.3 http://validator.w3.org/services"
128.30.52.73 - - [03/Sep/2015:18:01:00 -0500] "GET /~984667/hw1/pie.html HTTP/1.1" 200 2353 "-" "Validator.nu/LV http://validator.w3.org/services"
64.233.172.145 - - [03/Sep/2015:18:03:00 -0500] "GET /~984667/ HTTP/1.1" 200 660 "http://www.google.com/search" "Mozilla/5.0 (X11; Linux x86_64) AppleWebKit/537.36 (KHTML, like Gecko; Google Web Preview) Chrome/27.0.1453 Safari/537.36"
64.233.172.153 - - [03/Sep/2015:18:03:01 -0500] "GET /~984667/dheeraj.jpg HTTP/1.1" 200 25191 "http://mumstudents.org/~984667/" "Mozilla/5.0 (X11; Linux x86_64) AppleWebKit/537.36 (KHTML, like Gecko; Google Web Preview) Chrome/27.0.1453 Safari/537.36"
172.17.2.43 - - [03/Sep/2015:20:39:43 -0500] "GET /~984667/ HTTP/1.1" 200 660 "-" "Mozilla/5.0 (Macintosh; Intel Mac OS X 10_10_5) AppleWebKit/600.8.9 (KHTML, like Gecko) Version/8.0.8 Safari/600.8.9"
172.17.2.43 - - [03/Sep/2015:20:39:43 -0500] "GET /~984667/dheeraj.jpg HTTP/1.1" 304 180 "http://mumstudents.org/~984667/" "Mozilla/5.0 (Macintosh; Intel Mac OS X 10_10_5) AppleWebKit/600.8.9 (KHTML, like Gecko) Version/8.0.8 Safari/600.8.9"
172.17.2.43 - - [03/Sep/2015:20:40:00 -0500] "GET /~984667/hw1/pie.html HTTP/1.1" 200 2353 "http://mumstudents.org/~984667/" "Mozilla/5.0 (Macintosh; Intel Mac OS X 10_10_5) AppleWebKit/600.8.9 (KHTML, like Gecko) Version/8.0.8 Safari/600.8.9"
172.17.2.43 - - [03/Sep/2015:20:40:00 -0500] "GET /~984667/hw1/recipe.css HTTP/1.1" 200 898 "http://mumstudents.org/~984667/hw1/pie.html" "Mozilla/5.0 (Macintosh; Intel Mac OS X 10_10_5) AppleWebKit/600.8.9 (KHTML, like Gecko) Version/8.0.8 Safari/600.8.9"
172.17.2.43 - - [03/Sep/2015:20:40:00 -0500] "GET /~984667/hw1/Images/pie.jpg HTTP/1.1" 200 36216 "http://mumstudents.org/~984667/hw1/pie.html" "Mozilla/5.0 (Macintosh; Intel Mac OS X 10_10_5) AppleWebKit/600.8.9 (KHTML, like Gecko) Version/8.0.8 Safari/600.8.9"
172.17.2.43 - - [03/Sep/2015:20:40:00 -0500] "GET /~984667/hw1/Images/pie_icon.gif HTTP/1.1" 200 436 "http://mumstudents.org/~984667/hw1/pie.html" "Mozilla/5.0 (Macintosh; Intel Mac OS X 10_10_5) AppleWebKit/600.8.9 (KHTML, like Gecko) Version/8.0.8 Safari/600.8.9"
172.17.2.43 - - [03/Sep/2015:20:40:00 -0500] "GET /~984667/hw1/Images/silverware.jpg HTTP/1.1" 200 4627 "http://mumstudents.org/~984667/hw1/pie.html" "Mozilla/5.0 (Macintosh; Intel Mac OS X 10_10_5) AppleWebKit/600.8.9 (KHTML, like Gecko) Version/8.0.8 Safari/600.8.9"
128.30.52.73 - - [03/Sep/2015:20:40:06 -0500] "GET /~984667/hw1/pie.html HTTP/1.1" 200 2316 "-" "W3C_Validator/1.3 http://validator.w3.org/services"
128.30.52.73 - - [03/Sep/2015:20:40:09 -0500] "GET /~984667/hw1/pie.html HTTP/1.1" 200 2353 "-" "Validator.nu/LV http://validator.w3.org/services"
10.10.54.241 - - [03/Sep/2015:20:44:19 -0500] "GET /~984667/ HTTP/1.1" 200 660 "-" "Mozilla/5.0 (Windows NT 10.0; WOW64) AppleWebKit/537.36 (KHTML, like Gecko) Chrome/44.0.2403.157 Safari/537.36"
10.10.54.241 - - [03/Sep/2015:20:44:19 -0500] "GET /~984667/dheeraj.jpg HTTP/1.1" 200 25190 "http://mumstudents.org/~984667/" "Mozilla/5.0 (Windows NT 10.0; WOW64) AppleWebKit/537.36 (KHTML, like Gecko) Chrome/44.0.2403.157 Safari/537.36"
